2026-01-22 10:52:43,092 - __main__ - INFO - Initializing Converter Bot...
2026-01-22 10:52:43,093 - src.utils.history - INFO - Loaded history for 0 users
2026-01-22 10:52:43,404 - __main__ - INFO - Bot initialization complete
2026-01-22 10:52:43,405 - src.utils.file_manager - INFO - File manager started
2026-01-22 10:52:43,405 - __main__ - INFO - Starting bot polling...
2026-01-22 10:52:43,621 - httpx - INFO - HTTP Request: POST https://api.telegram.org/bot8575519773:AAFIKFqUAlOI2vZw1_ei7xOAA7_gQWKfiJc/getMe "HTTP/1.1 200 OK"
2026-01-22 10:52:43,622 - telegram.ext.Application - INFO - Application started
2026-01-22 10:52:43,691 - httpx - INFO - HTTP Request: POST https://api.telegram.org/bot8575519773:AAFIKFqUAlOI2vZw1_ei7xOAA7_gQWKfiJc/deleteWebhook "HTTP/1.1 200 OK"
2026-01-22 10:52:43,692 - __main__ - INFO - Bot is running! Press Ctrl+C to stop.
2026-01-22 10:52:53,882 - httpx - INFO - HTTP Request: POST https://api.telegram.org/bot8575519773:AAFIKFqUAlOI2vZw1_ei7xOAA7_gQWKfiJc/getUpdates "HTTP/1.1 200 OK"
2026-01-22 10:53:03,953 - httpx - INFO - HTTP Request: POST https://api.telegram.org/bot8575519773:AAFIKFqUAlOI2vZw1_ei7xOAA7_gQWKfiJc/getUpdates "HTTP/1.1 200 OK"
2026-01-22 10:53:07,802 - __main__ - INFO - Initializing Converter Bot...
2026-01-22 10:53:07,802 - src.utils.history - INFO - Loaded history for 0 users
2026-01-22 10:53:08,103 - __main__ - INFO - Bot initialization complete
2026-01-22 10:53:08,103 - src.utils.file_manager - INFO - File manager started
2026-01-22 10:53:08,104 - __main__ - INFO - Starting bot polling...
2026-01-22 10:53:08,317 - httpx - INFO - HTTP Request: POST https://api.telegram.org/bot8575519773:AAFIKFqUAlOI2vZw1_ei7xOAA7_gQWKfiJc/getMe "HTTP/1.1 200 OK"
2026-01-22 10:53:08,318 - telegram.ext.Application - INFO - Application started
2026-01-22 10:53:08,373 - httpx - INFO - HTTP Request: POST https://api.telegram.org/bot8575519773:AAFIKFqUAlOI2vZw1_ei7xOAA7_gQWKfiJc/deleteWebhook "HTTP/1.1 200 OK"
2026-01-22 10:53:08,374 - __main__ - INFO - Bot is running! Press Ctrl+C to stop.
2026-01-22 10:53:08,567 - httpx - INFO - HTTP Request: POST https://api.telegram.org/bot8575519773:AAFIKFqUAlOI2vZw1_ei7xOAA7_gQWKfiJc/getUpdates "HTTP/1.1 409 Conflict"
2026-01-22 10:53:08,567 - telegram.ext.Updater - ERROR - Exception happened while polling for updates.
Traceback (most recent call last):
  File "C:\Users\froggy\AppData\Local\Programs\Python\Python313\Lib\site-packages\telegram\ext\_utils\networkloop.py", line 134, in network_retry_loop
    await do_action()
  File "C:\Users\froggy\AppData\Local\Programs\Python\Python313\Lib\site-packages\telegram\ext\_utils\networkloop.py", line 127, in do_action
    action_cb_task.result()
    ~~~~~~~~~~~~~~~~~~~~~^^
  File "C:\Users\froggy\AppData\Local\Programs\Python\Python313\Lib\site-packages\telegram\ext\_updater.py", line 340, in polling_action_cb
    updates = await self.bot.get_updates(
              ^^^^^^^^^^^^^^^^^^^^^^^^^^^
    ...<3 lines>...
    )
    ^
  File "C:\Users\froggy\AppData\Local\Programs\Python\Python313\Lib\site-packages\telegram\ext\_extbot.py", line 676, in get_updates
    updates = await super().get_updates(
              ^^^^^^^^^^^^^^^^^^^^^^^^^^
    ...<9 lines>...
    )
    ^
  File "C:\Users\froggy\AppData\Local\Programs\Python\Python313\Lib\site-packages\telegram\_bot.py", line 4780, in get_updates
    await self._post(
    ^^^^^^^^^^^^^^^^^
    ...<7 lines>...
    ),
    ^
  File "C:\Users\froggy\AppData\Local\Programs\Python\Python313\Lib\site-packages\telegram\_bot.py", line 703, in _post
    return await self._do_post(
           ^^^^^^^^^^^^^^^^^^^^
    ...<6 lines>...
    )
    ^
  File "C:\Users\froggy\AppData\Local\Programs\Python\Python313\Lib\site-packages\telegram\ext\_extbot.py", line 372, in _do_post
    return await super()._do_post(
           ^^^^^^^^^^^^^^^^^^^^^^^
    ...<6 lines>...
    )
    ^
  File "C:\Users\froggy\AppData\Local\Programs\Python\Python313\Lib\site-packages\telegram\_bot.py", line 732, in _do_post
    result = await request.post(
             ^^^^^^^^^^^^^^^^^^^
    ...<6 lines>...
    )
    ^
  File "C:\Users\froggy\AppData\Local\Programs\Python\Python313\Lib\site-packages\telegram\request\_baserequest.py", line 198, in post
    result = await self._request_wrapper(
             ^^^^^^^^^^^^^^^^^^^^^^^^^^^^
    ...<7 lines>...
    )
    ^
  File "C:\Users\froggy\AppData\Local\Programs\Python\Python313\Lib\site-packages\telegram\request\_baserequest.py", line 375, in _request_wrapper
    raise exception
telegram.error.Conflict: Conflict: terminated by other getUpdates request; make sure that only one bot instance is running
2026-01-22 10:53:12,648 - httpx - INFO - HTTP Request: POST https://api.telegram.org/bot8575519773:AAFIKFqUAlOI2vZw1_ei7xOAA7_gQWKfiJc/getUpdates "HTTP/1.1 409 Conflict"
2026-01-22 10:53:12,649 - telegram.ext.Updater - ERROR - Exception happened while polling for updates.
Traceback (most recent call last):
  File "C:\Users\froggy\AppData\Local\Programs\Python\Python313\Lib\site-packages\telegram\ext\_utils\networkloop.py", line 134, in network_retry_loop
    await do_action()
  File "C:\Users\froggy\AppData\Local\Programs\Python\Python313\Lib\site-packages\telegram\ext\_utils\networkloop.py", line 127, in do_action
    action_cb_task.result()
    ~~~~~~~~~~~~~~~~~~~~~^^
  File "C:\Users\froggy\AppData\Local\Programs\Python\Python313\Lib\site-packages\telegram\ext\_updater.py", line 340, in polling_action_cb
    updates = await self.bot.get_updates(
              ^^^^^^^^^^^^^^^^^^^^^^^^^^^
    ...<3 lines>...
    )
    ^
  File "C:\Users\froggy\AppData\Local\Programs\Python\Python313\Lib\site-packages\telegram\ext\_extbot.py", line 676, in get_updates
    updates = await super().get_updates(
              ^^^^^^^^^^^^^^^^^^^^^^^^^^
    ...<9 lines>...
    )
    ^
  File "C:\Users\froggy\AppData\Local\Programs\Python\Python313\Lib\site-packages\telegram\_bot.py", line 4780, in get_updates
    await self._post(
    ^^^^^^^^^^^^^^^^^
    ...<7 lines>...
    ),
    ^
  File "C:\Users\froggy\AppData\Local\Programs\Python\Python313\Lib\site-packages\telegram\_bot.py", line 703, in _post
    return await self._do_post(
           ^^^^^^^^^^^^^^^^^^^^
    ...<6 lines>...
    )
    ^
  File "C:\Users\froggy\AppData\Local\Programs\Python\Python313\Lib\site-packages\telegram\ext\_extbot.py", line 372, in _do_post
    return await super()._do_post(
           ^^^^^^^^^^^^^^^^^^^^^^^
    ...<6 lines>...
    )
    ^
  File "C:\Users\froggy\AppData\Local\Programs\Python\Python313\Lib\site-packages\telegram\_bot.py", line 732, in _do_post
    result = await request.post(
             ^^^^^^^^^^^^^^^^^^^
    ...<6 lines>...
    )
    ^
  File "C:\Users\froggy\AppData\Local\Programs\Python\Python313\Lib\site-packages\telegram\request\_baserequest.py", line 198, in post
    result = await self._request_wrapper(
             ^^^^^^^^^^^^^^^^^^^^^^^^^^^^
    ...<7 lines>...
    )
    ^
  File "C:\Users\froggy\AppData\Local\Programs\Python\Python313\Lib\site-packages\telegram\request\_baserequest.py", line 375, in _request_wrapper
    raise exception
telegram.error.Conflict: Conflict: terminated by other getUpdates request; make sure that only one bot instance is running
2026-01-22 10:53:23,720 - httpx - INFO - HTTP Request: POST https://api.telegram.org/bot8575519773:AAFIKFqUAlOI2vZw1_ei7xOAA7_gQWKfiJc/getUpdates "HTTP/1.1 200 OK"
2026-01-22 10:53:32,266 - __main__ - INFO - Initializing Converter Bot...
2026-01-22 10:53:32,266 - src.utils.history - INFO - Loaded history for 0 users
2026-01-22 10:53:32,565 - __main__ - INFO - Bot initialization complete
2026-01-22 10:53:32,565 - src.utils.file_manager - INFO - File manager started
2026-01-22 10:53:32,565 - __main__ - INFO - Starting bot polling...
2026-01-22 10:53:32,847 - httpx - INFO - HTTP Request: POST https://api.telegram.org/bot8575519773:AAFIKFqUAlOI2vZw1_ei7xOAA7_gQWKfiJc/getMe "HTTP/1.1 200 OK"
2026-01-22 10:53:32,848 - telegram.ext.Application - INFO - Application started
2026-01-22 10:53:32,912 - httpx - INFO - HTTP Request: POST https://api.telegram.org/bot8575519773:AAFIKFqUAlOI2vZw1_ei7xOAA7_gQWKfiJc/deleteWebhook "HTTP/1.1 200 OK"
2026-01-22 10:53:32,912 - __main__ - INFO - Bot is running! Press Ctrl+C to stop.
2026-01-22 10:53:33,103 - httpx - INFO - HTTP Request: POST https://api.telegram.org/bot8575519773:AAFIKFqUAlOI2vZw1_ei7xOAA7_gQWKfiJc/getUpdates "HTTP/1.1 409 Conflict"
2026-01-22 10:53:33,104 - telegram.ext.Updater - ERROR - Exception happened while polling for updates.
Traceback (most recent call last):
  File "C:\Users\froggy\AppData\Local\Programs\Python\Python313\Lib\site-packages\telegram\ext\_utils\networkloop.py", line 134, in network_retry_loop
    await do_action()
  File "C:\Users\froggy\AppData\Local\Programs\Python\Python313\Lib\site-packages\telegram\ext\_utils\networkloop.py", line 127, in do_action
    action_cb_task.result()
    ~~~~~~~~~~~~~~~~~~~~~^^
  File "C:\Users\froggy\AppData\Local\Programs\Python\Python313\Lib\site-packages\telegram\ext\_updater.py", line 340, in polling_action_cb
    updates = await self.bot.get_updates(
              ^^^^^^^^^^^^^^^^^^^^^^^^^^^
    ...<3 lines>...
    )
    ^
  File "C:\Users\froggy\AppData\Local\Programs\Python\Python313\Lib\site-packages\telegram\ext\_extbot.py", line 676, in get_updates
    updates = await super().get_updates(
              ^^^^^^^^^^^^^^^^^^^^^^^^^^
    ...<9 lines>...
    )
    ^
  File "C:\Users\froggy\AppData\Local\Programs\Python\Python313\Lib\site-packages\telegram\_bot.py", line 4780, in get_updates
    await self._post(
    ^^^^^^^^^^^^^^^^^
    ...<7 lines>...
    ),
    ^
  File "C:\Users\froggy\AppData\Local\Programs\Python\Python313\Lib\site-packages\telegram\_bot.py", line 703, in _post
    return await self._do_post(
           ^^^^^^^^^^^^^^^^^^^^
    ...<6 lines>...
    )
    ^
  File "C:\Users\froggy\AppData\Local\Programs\Python\Python313\Lib\site-packages\telegram\ext\_extbot.py", line 372, in _do_post
    return await super()._do_post(
           ^^^^^^^^^^^^^^^^^^^^^^^
    ...<6 lines>...
    )
    ^
  File "C:\Users\froggy\AppData\Local\Programs\Python\Python313\Lib\site-packages\telegram\_bot.py", line 732, in _do_post
    result = await request.post(
             ^^^^^^^^^^^^^^^^^^^
    ...<6 lines>...
    )
    ^
  File "C:\Users\froggy\AppData\Local\Programs\Python\Python313\Lib\site-packages\telegram\request\_baserequest.py", line 198, in post
    result = await self._request_wrapper(
             ^^^^^^^^^^^^^^^^^^^^^^^^^^^^
    ...<7 lines>...
    )
    ^
  File "C:\Users\froggy\AppData\Local\Programs\Python\Python313\Lib\site-packages\telegram\request\_baserequest.py", line 375, in _request_wrapper
    raise exception
telegram.error.Conflict: Conflict: terminated by other getUpdates request; make sure that only one bot instance is running
2026-01-22 10:53:37,169 - httpx - INFO - HTTP Request: POST https://api.telegram.org/bot8575519773:AAFIKFqUAlOI2vZw1_ei7xOAA7_gQWKfiJc/getUpdates "HTTP/1.1 409 Conflict"
2026-01-22 10:53:37,170 - telegram.ext.Updater - ERROR - Exception happened while polling for updates.
Traceback (most recent call last):
  File "C:\Users\froggy\AppData\Local\Programs\Python\Python313\Lib\site-packages\telegram\ext\_utils\networkloop.py", line 134, in network_retry_loop
    await do_action()
  File "C:\Users\froggy\AppData\Local\Programs\Python\Python313\Lib\site-packages\telegram\ext\_utils\networkloop.py", line 127, in do_action
    action_cb_task.result()
    ~~~~~~~~~~~~~~~~~~~~~^^
  File "C:\Users\froggy\AppData\Local\Programs\Python\Python313\Lib\site-packages\telegram\ext\_updater.py", line 340, in polling_action_cb
    updates = await self.bot.get_updates(
              ^^^^^^^^^^^^^^^^^^^^^^^^^^^
    ...<3 lines>...
    )
    ^
  File "C:\Users\froggy\AppData\Local\Programs\Python\Python313\Lib\site-packages\telegram\ext\_extbot.py", line 676, in get_updates
    updates = await super().get_updates(
              ^^^^^^^^^^^^^^^^^^^^^^^^^^
    ...<9 lines>...
    )
    ^
  File "C:\Users\froggy\AppData\Local\Programs\Python\Python313\Lib\site-packages\telegram\_bot.py", line 4780, in get_updates
    await self._post(
    ^^^^^^^^^^^^^^^^^
    ...<7 lines>...
    ),
    ^
  File "C:\Users\froggy\AppData\Local\Programs\Python\Python313\Lib\site-packages\telegram\_bot.py", line 703, in _post
    return await self._do_post(
           ^^^^^^^^^^^^^^^^^^^^
    ...<6 lines>...
    )
    ^
  File "C:\Users\froggy\AppData\Local\Programs\Python\Python313\Lib\site-packages\telegram\ext\_extbot.py", line 372, in _do_post
    return await super()._do_post(
           ^^^^^^^^^^^^^^^^^^^^^^^
    ...<6 lines>...
    )
    ^
  File "C:\Users\froggy\AppData\Local\Programs\Python\Python313\Lib\site-packages\telegram\_bot.py", line 732, in _do_post
    result = await request.post(
             ^^^^^^^^^^^^^^^^^^^
    ...<6 lines>...
    )
    ^
  File "C:\Users\froggy\AppData\Local\Programs\Python\Python313\Lib\site-packages\telegram\request\_baserequest.py", line 198, in post
    result = await self._request_wrapper(
             ^^^^^^^^^^^^^^^^^^^^^^^^^^^^
    ...<7 lines>...
    )
    ^
  File "C:\Users\froggy\AppData\Local\Programs\Python\Python313\Lib\site-packages\telegram\request\_baserequest.py", line 375, in _request_wrapper
    raise exception
telegram.error.Conflict: Conflict: terminated by other getUpdates request; make sure that only one bot instance is running
2026-01-22 10:53:38,233 - httpx - INFO - HTTP Request: POST https://api.telegram.org/bot8575519773:AAFIKFqUAlOI2vZw1_ei7xOAA7_gQWKfiJc/getUpdates "HTTP/1.1 409 Conflict"
2026-01-22 10:53:38,234 - telegram.ext.Updater - ERROR - Exception happened while polling for updates.
Traceback (most recent call last):
  File "C:\Users\froggy\AppData\Local\Programs\Python\Python313\Lib\site-packages\telegram\ext\_utils\networkloop.py", line 134, in network_retry_loop
    await do_action()
  File "C:\Users\froggy\AppData\Local\Programs\Python\Python313\Lib\site-packages\telegram\ext\_utils\networkloop.py", line 127, in do_action
    action_cb_task.result()
    ~~~~~~~~~~~~~~~~~~~~~^^
  File "C:\Users\froggy\AppData\Local\Programs\Python\Python313\Lib\site-packages\telegram\ext\_updater.py", line 340, in polling_action_cb
    updates = await self.bot.get_updates(
              ^^^^^^^^^^^^^^^^^^^^^^^^^^^
    ...<3 lines>...
    )
    ^
  File "C:\Users\froggy\AppData\Local\Programs\Python\Python313\Lib\site-packages\telegram\ext\_extbot.py", line 676, in get_updates
    updates = await super().get_updates(
              ^^^^^^^^^^^^^^^^^^^^^^^^^^
    ...<9 lines>...
    )
    ^
  File "C:\Users\froggy\AppData\Local\Programs\Python\Python313\Lib\site-packages\telegram\_bot.py", line 4780, in get_updates
    await self._post(
    ^^^^^^^^^^^^^^^^^
    ...<7 lines>...
    ),
    ^
  File "C:\Users\froggy\AppData\Local\Programs\Python\Python313\Lib\site-packages\telegram\_bot.py", line 703, in _post
    return await self._do_post(
           ^^^^^^^^^^^^^^^^^^^^
    ...<6 lines>...
    )
    ^
  File "C:\Users\froggy\AppData\Local\Programs\Python\Python313\Lib\site-packages\telegram\ext\_extbot.py", line 372, in _do_post
    return await super()._do_post(
           ^^^^^^^^^^^^^^^^^^^^^^^
    ...<6 lines>...
    )
    ^
  File "C:\Users\froggy\AppData\Local\Programs\Python\Python313\Lib\site-packages\telegram\_bot.py", line 732, in _do_post
    result = await request.post(
             ^^^^^^^^^^^^^^^^^^^
    ...<6 lines>...
    )
    ^
  File "C:\Users\froggy\AppData\Local\Programs\Python\Python313\Lib\site-packages\telegram\request\_baserequest.py", line 198, in post
    result = await self._request_wrapper(
             ^^^^^^^^^^^^^^^^^^^^^^^^^^^^
    ...<7 lines>...
    )
    ^
  File "C:\Users\froggy\AppData\Local\Programs\Python\Python313\Lib\site-packages\telegram\request\_baserequest.py", line 375, in _request_wrapper
    raise exception
telegram.error.Conflict: Conflict: terminated by other getUpdates request; make sure that only one bot instance is running
2026-01-22 10:53:42,804 - httpx - INFO - HTTP Request: POST https://api.telegram.org/bot8575519773:AAFIKFqUAlOI2vZw1_ei7xOAA7_gQWKfiJc/getUpdates "HTTP/1.1 409 Conflict"
2026-01-22 10:53:42,804 - telegram.ext.Updater - ERROR - Exception happened while polling for updates.
Traceback (most recent call last):
  File "C:\Users\froggy\AppData\Local\Programs\Python\Python313\Lib\site-packages\telegram\ext\_utils\networkloop.py", line 134, in network_retry_loop
    await do_action()
  File "C:\Users\froggy\AppData\Local\Programs\Python\Python313\Lib\site-packages\telegram\ext\_utils\networkloop.py", line 127, in do_action
    action_cb_task.result()
    ~~~~~~~~~~~~~~~~~~~~~^^
  File "C:\Users\froggy\AppData\Local\Programs\Python\Python313\Lib\site-packages\telegram\ext\_updater.py", line 340, in polling_action_cb
    updates = await self.bot.get_updates(
              ^^^^^^^^^^^^^^^^^^^^^^^^^^^
    ...<3 lines>...
    )
    ^
  File "C:\Users\froggy\AppData\Local\Programs\Python\Python313\Lib\site-packages\telegram\ext\_extbot.py", line 676, in get_updates
    updates = await super().get_updates(
              ^^^^^^^^^^^^^^^^^^^^^^^^^^
    ...<9 lines>...
    )
    ^
  File "C:\Users\froggy\AppData\Local\Programs\Python\Python313\Lib\site-packages\telegram\_bot.py", line 4780, in get_updates
    await self._post(
    ^^^^^^^^^^^^^^^^^
    ...<7 lines>...
    ),
    ^
  File "C:\Users\froggy\AppData\Local\Programs\Python\Python313\Lib\site-packages\telegram\_bot.py", line 703, in _post
    return await self._do_post(
           ^^^^^^^^^^^^^^^^^^^^
    ...<6 lines>...
    )
    ^
  File "C:\Users\froggy\AppData\Local\Programs\Python\Python313\Lib\site-packages\telegram\ext\_extbot.py", line 372, in _do_post
    return await super()._do_post(
           ^^^^^^^^^^^^^^^^^^^^^^^
    ...<6 lines>...
    )
    ^
  File "C:\Users\froggy\AppData\Local\Programs\Python\Python313\Lib\site-packages\telegram\_bot.py", line 732, in _do_post
    result = await request.post(
             ^^^^^^^^^^^^^^^^^^^
    ...<6 lines>...
    )
    ^
  File "C:\Users\froggy\AppData\Local\Programs\Python\Python313\Lib\site-packages\telegram\request\_baserequest.py", line 198, in post
    result = await self._request_wrapper(
             ^^^^^^^^^^^^^^^^^^^^^^^^^^^^
    ...<7 lines>...
    )
    ^
  File "C:\Users\froggy\AppData\Local\Programs\Python\Python313\Lib\site-packages\telegram\request\_baserequest.py", line 375, in _request_wrapper
    raise exception
telegram.error.Conflict: Conflict: terminated by other getUpdates request; make sure that only one bot instance is running
2026-01-22 10:53:43,070 - __main__ - INFO - Shutting down bot...
2026-01-22 10:53:43,071 - src.utils.file_manager - INFO - File manager stopped
2026-01-22 10:53:44,364 - httpx - INFO - HTTP Request: POST https://api.telegram.org/bot8575519773:AAFIKFqUAlOI2vZw1_ei7xOAA7_gQWKfiJc/getUpdates "HTTP/1.1 200 OK"
2026-01-22 10:53:44,364 - telegram.ext.Application - INFO - Application is stopping. This might take a moment.
2026-01-22 10:53:44,364 - telegram.ext.Application - INFO - Application.stop() complete
2026-01-22 10:53:44,365 - __main__ - INFO - Bot shutdown complete
2026-01-22 10:53:49,811 - httpx - INFO - HTTP Request: POST https://api.telegram.org/bot8575519773:AAFIKFqUAlOI2vZw1_ei7xOAA7_gQWKfiJc/getUpdates "HTTP/1.1 200 OK"
2026-01-22 10:53:55,674 - __main__ - INFO - Initializing Converter Bot...
2026-01-22 10:53:55,674 - src.utils.history - INFO - Loaded history for 0 users
2026-01-22 10:53:55,972 - __main__ - INFO - Bot initialization complete
2026-01-22 10:53:55,972 - src.utils.file_manager - INFO - File manager started
2026-01-22 10:53:55,972 - __main__ - INFO - Starting bot polling...
2026-01-22 10:53:56,204 - httpx - INFO - HTTP Request: POST https://api.telegram.org/bot8575519773:AAFIKFqUAlOI2vZw1_ei7xOAA7_gQWKfiJc/getMe "HTTP/1.1 200 OK"
2026-01-22 10:53:56,205 - telegram.ext.Application - INFO - Application started
2026-01-22 10:53:56,262 - httpx - INFO - HTTP Request: POST https://api.telegram.org/bot8575519773:AAFIKFqUAlOI2vZw1_ei7xOAA7_gQWKfiJc/deleteWebhook "HTTP/1.1 200 OK"
2026-01-22 10:53:56,262 - __main__ - INFO - Bot is running! Press Ctrl+C to stop.
2026-01-22 10:53:56,483 - httpx - INFO - HTTP Request: POST https://api.telegram.org/bot8575519773:AAFIKFqUAlOI2vZw1_ei7xOAA7_gQWKfiJc/getUpdates "HTTP/1.1 409 Conflict"
2026-01-22 10:53:56,483 - telegram.ext.Updater - ERROR - Exception happened while polling for updates.
Traceback (most recent call last):
  File "C:\Users\froggy\AppData\Local\Programs\Python\Python313\Lib\site-packages\telegram\ext\_utils\networkloop.py", line 134, in network_retry_loop
    await do_action()
  File "C:\Users\froggy\AppData\Local\Programs\Python\Python313\Lib\site-packages\telegram\ext\_utils\networkloop.py", line 127, in do_action
    action_cb_task.result()
    ~~~~~~~~~~~~~~~~~~~~~^^
  File "C:\Users\froggy\AppData\Local\Programs\Python\Python313\Lib\site-packages\telegram\ext\_updater.py", line 340, in polling_action_cb
    updates = await self.bot.get_updates(
              ^^^^^^^^^^^^^^^^^^^^^^^^^^^
    ...<3 lines>...
    )
    ^
  File "C:\Users\froggy\AppData\Local\Programs\Python\Python313\Lib\site-packages\telegram\ext\_extbot.py", line 676, in get_updates
    updates = await super().get_updates(
              ^^^^^^^^^^^^^^^^^^^^^^^^^^
    ...<9 lines>...
    )
    ^
  File "C:\Users\froggy\AppData\Local\Programs\Python\Python313\Lib\site-packages\telegram\_bot.py", line 4780, in get_updates
    await self._post(
    ^^^^^^^^^^^^^^^^^
    ...<7 lines>...
    ),
    ^
  File "C:\Users\froggy\AppData\Local\Programs\Python\Python313\Lib\site-packages\telegram\_bot.py", line 703, in _post
    return await self._do_post(
           ^^^^^^^^^^^^^^^^^^^^
    ...<6 lines>...
    )
    ^
  File "C:\Users\froggy\AppData\Local\Programs\Python\Python313\Lib\site-packages\telegram\ext\_extbot.py", line 372, in _do_post
    return await super()._do_post(
           ^^^^^^^^^^^^^^^^^^^^^^^
    ...<6 lines>...
    )
    ^
  File "C:\Users\froggy\AppData\Local\Programs\Python\Python313\Lib\site-packages\telegram\_bot.py", line 732, in _do_post
    result = await request.post(
             ^^^^^^^^^^^^^^^^^^^
    ...<6 lines>...
    )
    ^
  File "C:\Users\froggy\AppData\Local\Programs\Python\Python313\Lib\site-packages\telegram\request\_baserequest.py", line 198, in post
    result = await self._request_wrapper(
             ^^^^^^^^^^^^^^^^^^^^^^^^^^^^
    ...<7 lines>...
    )
    ^
  File "C:\Users\froggy\AppData\Local\Programs\Python\Python313\Lib\site-packages\telegram\request\_baserequest.py", line 375, in _request_wrapper
    raise exception
telegram.error.Conflict: Conflict: terminated by other getUpdates request; make sure that only one bot instance is running
2026-01-22 10:54:00,558 - httpx - INFO - HTTP Request: POST https://api.telegram.org/bot8575519773:AAFIKFqUAlOI2vZw1_ei7xOAA7_gQWKfiJc/getUpdates "HTTP/1.1 409 Conflict"
2026-01-22 10:54:00,559 - telegram.ext.Updater - ERROR - Exception happened while polling for updates.
Traceback (most recent call last):
  File "C:\Users\froggy\AppData\Local\Programs\Python\Python313\Lib\site-packages\telegram\ext\_utils\networkloop.py", line 134, in network_retry_loop
    await do_action()
  File "C:\Users\froggy\AppData\Local\Programs\Python\Python313\Lib\site-packages\telegram\ext\_utils\networkloop.py", line 127, in do_action
    action_cb_task.result()
    ~~~~~~~~~~~~~~~~~~~~~^^
  File "C:\Users\froggy\AppData\Local\Programs\Python\Python313\Lib\site-packages\telegram\ext\_updater.py", line 340, in polling_action_cb
    updates = await self.bot.get_updates(
              ^^^^^^^^^^^^^^^^^^^^^^^^^^^
    ...<3 lines>...
    )
    ^
  File "C:\Users\froggy\AppData\Local\Programs\Python\Python313\Lib\site-packages\telegram\ext\_extbot.py", line 676, in get_updates
    updates = await super().get_updates(
              ^^^^^^^^^^^^^^^^^^^^^^^^^^
    ...<9 lines>...
    )
    ^
  File "C:\Users\froggy\AppData\Local\Programs\Python\Python313\Lib\site-packages\telegram\_bot.py", line 4780, in get_updates
    await self._post(
    ^^^^^^^^^^^^^^^^^
    ...<7 lines>...
    ),
    ^
  File "C:\Users\froggy\AppData\Local\Programs\Python\Python313\Lib\site-packages\telegram\_bot.py", line 703, in _post
    return await self._do_post(
           ^^^^^^^^^^^^^^^^^^^^
    ...<6 lines>...
    )
    ^
  File "C:\Users\froggy\AppData\Local\Programs\Python\Python313\Lib\site-packages\telegram\ext\_extbot.py", line 372, in _do_post
    return await super()._do_post(
           ^^^^^^^^^^^^^^^^^^^^^^^
    ...<6 lines>...
    )
    ^
  File "C:\Users\froggy\AppData\Local\Programs\Python\Python313\Lib\site-packages\telegram\_bot.py", line 732, in _do_post
    result = await request.post(
             ^^^^^^^^^^^^^^^^^^^
    ...<6 lines>...
    )
    ^
  File "C:\Users\froggy\AppData\Local\Programs\Python\Python313\Lib\site-packages\telegram\request\_baserequest.py", line 198, in post
    result = await self._request_wrapper(
             ^^^^^^^^^^^^^^^^^^^^^^^^^^^^
    ...<7 lines>...
    )
    ^
  File "C:\Users\froggy\AppData\Local\Programs\Python\Python313\Lib\site-packages\telegram\request\_baserequest.py", line 375, in _request_wrapper
    raise exception
telegram.error.Conflict: Conflict: terminated by other getUpdates request; make sure that only one bot instance is running
2026-01-22 10:54:11,638 - httpx - INFO - HTTP Request: POST https://api.telegram.org/bot8575519773:AAFIKFqUAlOI2vZw1_ei7xOAA7_gQWKfiJc/getUpdates "HTTP/1.1 200 OK"
2026-01-22 10:54:16,373 - __main__ - INFO - Shutting down bot...
2026-01-22 10:54:16,373 - src.utils.file_manager - INFO - File manager stopped
2026-01-22 10:54:16,635 - httpx - INFO - HTTP Request: POST https://api.telegram.org/bot8575519773:AAFIKFqUAlOI2vZw1_ei7xOAA7_gQWKfiJc/getUpdates "HTTP/1.1 200 OK"
2026-01-22 10:54:16,636 - telegram.ext.Application - INFO - Application is stopping. This might take a moment.
2026-01-22 10:54:16,636 - telegram.ext.Application - INFO - Application.stop() complete
2026-01-22 10:54:16,636 - __main__ - INFO - Bot shutdown complete
2026-01-22 10:55:45,517 - __main__ - INFO - Initializing Converter Bot...
2026-01-22 10:55:45,518 - src.utils.history - INFO - Loaded history for 0 users
2026-01-22 10:55:45,821 - __main__ - INFO - Bot initialization complete
2026-01-22 10:55:45,822 - src.utils.file_manager - INFO - File manager started
2026-01-22 10:55:45,822 - __main__ - INFO - Starting bot polling...
2026-01-22 10:55:46,052 - httpx - INFO - HTTP Request: POST https://api.telegram.org/bot8575519773:AAFIKFqUAlOI2vZw1_ei7xOAA7_gQWKfiJc/getMe "HTTP/1.1 200 OK"
2026-01-22 10:55:46,053 - telegram.ext.Application - INFO - Application started
2026-01-22 10:55:46,110 - httpx - INFO - HTTP Request: POST https://api.telegram.org/bot8575519773:AAFIKFqUAlOI2vZw1_ei7xOAA7_gQWKfiJc/deleteWebhook "HTTP/1.1 200 OK"
2026-01-22 10:55:46,110 - __main__ - INFO - Bot is running! Press Ctrl+C to stop.
2026-01-22 10:55:56,279 - httpx - INFO - HTTP Request: POST https://api.telegram.org/bot8575519773:AAFIKFqUAlOI2vZw1_ei7xOAA7_gQWKfiJc/getUpdates "HTTP/1.1 200 OK"
2026-01-22 10:56:06,335 - httpx - INFO - HTTP Request: POST https://api.telegram.org/bot8575519773:AAFIKFqUAlOI2vZw1_ei7xOAA7_gQWKfiJc/getUpdates "HTTP/1.1 200 OK"
2026-01-22 10:56:16,395 - httpx - INFO - HTTP Request: POST https://api.telegram.org/bot8575519773:AAFIKFqUAlOI2vZw1_ei7xOAA7_gQWKfiJc/getUpdates "HTTP/1.1 200 OK"
2026-01-22 10:56:26,451 - httpx - INFO - HTTP Request: POST https://api.telegram.org/bot8575519773:AAFIKFqUAlOI2vZw1_ei7xOAA7_gQWKfiJc/getUpdates "HTTP/1.1 200 OK"
2026-01-22 10:56:36,509 - httpx - INFO - HTTP Request: POST https://api.telegram.org/bot8575519773:AAFIKFqUAlOI2vZw1_ei7xOAA7_gQWKfiJc/getUpdates "HTTP/1.1 200 OK"
2026-01-22 10:56:46,567 - httpx - INFO - HTTP Request: POST https://api.telegram.org/bot8575519773:AAFIKFqUAlOI2vZw1_ei7xOAA7_gQWKfiJc/getUpdates "HTTP/1.1 200 OK"
2026-01-22 10:56:56,627 - httpx - INFO - HTTP Request: POST https://api.telegram.org/bot8575519773:AAFIKFqUAlOI2vZw1_ei7xOAA7_gQWKfiJc/getUpdates "HTTP/1.1 200 OK"
2026-01-22 10:57:06,689 - httpx - INFO - HTTP Request: POST https://api.telegram.org/bot8575519773:AAFIKFqUAlOI2vZw1_ei7xOAA7_gQWKfiJc/getUpdates "HTTP/1.1 200 OK"
2026-01-22 10:57:16,783 - httpx - INFO - HTTP Request: POST https://api.telegram.org/bot8575519773:AAFIKFqUAlOI2vZw1_ei7xOAA7_gQWKfiJc/getUpdates "HTTP/1.1 200 OK"
2026-01-22 10:57:26,840 - httpx - INFO - HTTP Request: POST https://api.telegram.org/bot8575519773:AAFIKFqUAlOI2vZw1_ei7xOAA7_gQWKfiJc/getUpdates "HTTP/1.1 200 OK"
2026-01-22 10:57:36,898 - httpx - INFO - HTTP Request: POST https://api.telegram.org/bot8575519773:AAFIKFqUAlOI2vZw1_ei7xOAA7_gQWKfiJc/getUpdates "HTTP/1.1 200 OK"
2026-01-22 10:57:38,108 - httpx - INFO - HTTP Request: POST https://api.telegram.org/bot8575519773:AAFIKFqUAlOI2vZw1_ei7xOAA7_gQWKfiJc/getUpdates "HTTP/1.1 200 OK"
2026-01-22 10:57:38,309 - httpx - INFO - HTTP Request: POST https://api.telegram.org/bot8575519773:AAFIKFqUAlOI2vZw1_ei7xOAA7_gQWKfiJc/sendMessage "HTTP/1.1 200 OK"
2026-01-22 10:57:38,310 - src.handlers.command_handlers - INFO - User 8019993731 started the bot
2026-01-22 10:57:48,168 - httpx - INFO - HTTP Request: POST https://api.telegram.org/bot8575519773:AAFIKFqUAlOI2vZw1_ei7xOAA7_gQWKfiJc/getUpdates "HTTP/1.1 200 OK"
2026-01-22 10:57:48,556 - httpx - INFO - HTTP Request: POST https://api.telegram.org/bot8575519773:AAFIKFqUAlOI2vZw1_ei7xOAA7_gQWKfiJc/getUpdates "HTTP/1.1 200 OK"
2026-01-22 10:57:48,788 - httpx - INFO - HTTP Request: POST https://api.telegram.org/bot8575519773:AAFIKFqUAlOI2vZw1_ei7xOAA7_gQWKfiJc/answerCallbackQuery "HTTP/1.1 200 OK"
2026-01-22 10:57:48,962 - httpx - INFO - HTTP Request: POST https://api.telegram.org/bot8575519773:AAFIKFqUAlOI2vZw1_ei7xOAA7_gQWKfiJc/editMessageText "HTTP/1.1 200 OK"
2026-01-22 10:57:52,522 - httpx - INFO - HTTP Request: POST https://api.telegram.org/bot8575519773:AAFIKFqUAlOI2vZw1_ei7xOAA7_gQWKfiJc/getUpdates "HTTP/1.1 200 OK"
2026-01-22 10:57:52,662 - httpx - INFO - HTTP Request: POST https://api.telegram.org/bot8575519773:AAFIKFqUAlOI2vZw1_ei7xOAA7_gQWKfiJc/answerCallbackQuery "HTTP/1.1 200 OK"
2026-01-22 10:57:52,866 - httpx - INFO - HTTP Request: POST https://api.telegram.org/bot8575519773:AAFIKFqUAlOI2vZw1_ei7xOAA7_gQWKfiJc/editMessageText "HTTP/1.1 200 OK"
2026-01-22 10:57:54,578 - httpx - INFO - HTTP Request: POST https://api.telegram.org/bot8575519773:AAFIKFqUAlOI2vZw1_ei7xOAA7_gQWKfiJc/getUpdates "HTTP/1.1 200 OK"
2026-01-22 10:57:54,644 - httpx - INFO - HTTP Request: POST https://api.telegram.org/bot8575519773:AAFIKFqUAlOI2vZw1_ei7xOAA7_gQWKfiJc/answerCallbackQuery "HTTP/1.1 200 OK"
2026-01-22 10:57:54,750 - httpx - INFO - HTTP Request: POST https://api.telegram.org/bot8575519773:AAFIKFqUAlOI2vZw1_ei7xOAA7_gQWKfiJc/editMessageText "HTTP/1.1 200 OK"
2026-01-22 10:57:56,848 - httpx - INFO - HTTP Request: POST https://api.telegram.org/bot8575519773:AAFIKFqUAlOI2vZw1_ei7xOAA7_gQWKfiJc/getUpdates "HTTP/1.1 200 OK"
2026-01-22 10:57:57,078 - httpx - INFO - HTTP Request: POST https://api.telegram.org/bot8575519773:AAFIKFqUAlOI2vZw1_ei7xOAA7_gQWKfiJc/answerCallbackQuery "HTTP/1.1 200 OK"
2026-01-22 10:57:57,277 - httpx - INFO - HTTP Request: POST https://api.telegram.org/bot8575519773:AAFIKFqUAlOI2vZw1_ei7xOAA7_gQWKfiJc/editMessageText "HTTP/1.1 200 OK"
2026-01-22 10:57:59,361 - httpx - INFO - HTTP Request: POST https://api.telegram.org/bot8575519773:AAFIKFqUAlOI2vZw1_ei7xOAA7_gQWKfiJc/getUpdates "HTTP/1.1 200 OK"
2026-01-22 10:57:59,447 - httpx - INFO - HTTP Request: POST https://api.telegram.org/bot8575519773:AAFIKFqUAlOI2vZw1_ei7xOAA7_gQWKfiJc/answerCallbackQuery "HTTP/1.1 200 OK"
2026-01-22 10:57:59,593 - httpx - INFO - HTTP Request: POST https://api.telegram.org/bot8575519773:AAFIKFqUAlOI2vZw1_ei7xOAA7_gQWKfiJc/editMessageText "HTTP/1.1 200 OK"
2026-01-22 10:58:09,419 - httpx - INFO - HTTP Request: POST https://api.telegram.org/bot8575519773:AAFIKFqUAlOI2vZw1_ei7xOAA7_gQWKfiJc/getUpdates "HTTP/1.1 200 OK"
2026-01-22 10:58:18,620 - httpx - INFO - HTTP Request: POST https://api.telegram.org/bot8575519773:AAFIKFqUAlOI2vZw1_ei7xOAA7_gQWKfiJc/getUpdates "HTTP/1.1 200 OK"
2026-01-22 10:58:18,854 - httpx - INFO - HTTP Request: POST https://api.telegram.org/bot8575519773:AAFIKFqUAlOI2vZw1_ei7xOAA7_gQWKfiJc/answerCallbackQuery "HTTP/1.1 200 OK"
2026-01-22 10:58:18,996 - httpx - INFO - HTTP Request: POST https://api.telegram.org/bot8575519773:AAFIKFqUAlOI2vZw1_ei7xOAA7_gQWKfiJc/editMessageText "HTTP/1.1 200 OK"
2026-01-22 10:58:27,410 - httpx - INFO - HTTP Request: POST https://api.telegram.org/bot8575519773:AAFIKFqUAlOI2vZw1_ei7xOAA7_gQWKfiJc/getUpdates "HTTP/1.1 200 OK"
2026-01-22 10:58:27,611 - httpx - INFO - HTTP Request: POST https://api.telegram.org/bot8575519773:AAFIKFqUAlOI2vZw1_ei7xOAA7_gQWKfiJc/getFile "HTTP/1.1 200 OK"
2026-01-22 10:58:27,704 - httpx - INFO - HTTP Request: GET https://api.telegram.org/file/bot8575519773%3AAAFIKFqUAlOI2vZw1_ei7xOAA7_gQWKfiJc/documents/file_0.png "HTTP/1.1 200 OK"
2026-01-22 10:58:27,861 - httpx - INFO - HTTP Request: POST https://api.telegram.org/bot8575519773:AAFIKFqUAlOI2vZw1_ei7xOAA7_gQWKfiJc/sendMessage "HTTP/1.1 200 OK"
2026-01-22 10:58:34,397 - httpx - INFO - HTTP Request: POST https://api.telegram.org/bot8575519773:AAFIKFqUAlOI2vZw1_ei7xOAA7_gQWKfiJc/getUpdates "HTTP/1.1 200 OK"
2026-01-22 10:58:34,630 - httpx - INFO - HTTP Request: POST https://api.telegram.org/bot8575519773:AAFIKFqUAlOI2vZw1_ei7xOAA7_gQWKfiJc/answerCallbackQuery "HTTP/1.1 200 OK"
2026-01-22 10:58:34,724 - httpx - INFO - HTTP Request: POST https://api.telegram.org/bot8575519773:AAFIKFqUAlOI2vZw1_ei7xOAA7_gQWKfiJc/editMessageText "HTTP/1.1 200 OK"
2026-01-22 10:58:44,460 - httpx - INFO - HTTP Request: POST https://api.telegram.org/bot8575519773:AAFIKFqUAlOI2vZw1_ei7xOAA7_gQWKfiJc/getUpdates "HTTP/1.1 200 OK"
2026-01-22 10:58:54,517 - httpx - INFO - HTTP Request: POST https://api.telegram.org/bot8575519773:AAFIKFqUAlOI2vZw1_ei7xOAA7_gQWKfiJc/getUpdates "HTTP/1.1 200 OK"
2026-01-22 10:59:01,997 - httpx - INFO - HTTP Request: POST https://api.telegram.org/bot8575519773:AAFIKFqUAlOI2vZw1_ei7xOAA7_gQWKfiJc/getUpdates "HTTP/1.1 200 OK"
2026-01-22 10:59:02,216 - httpx - INFO - HTTP Request: POST https://api.telegram.org/bot8575519773:AAFIKFqUAlOI2vZw1_ei7xOAA7_gQWKfiJc/answerCallbackQuery "HTTP/1.1 200 OK"
2026-01-22 10:59:02,300 - httpx - INFO - HTTP Request: POST https://api.telegram.org/bot8575519773:AAFIKFqUAlOI2vZw1_ei7xOAA7_gQWKfiJc/editMessageText "HTTP/1.1 400 Bad Request"
2026-01-22 10:59:02,301 - src.handlers.callback_handlers - ERROR - Callback error: Message is not modified: specified new message content and reply markup are exactly the same as a current content and reply markup of the message
2026-01-22 10:59:02,382 - httpx - INFO - HTTP Request: POST https://api.telegram.org/bot8575519773:AAFIKFqUAlOI2vZw1_ei7xOAA7_gQWKfiJc/editMessageText "HTTP/1.1 200 OK"
2026-01-22 10:59:12,060 - httpx - INFO - HTTP Request: POST https://api.telegram.org/bot8575519773:AAFIKFqUAlOI2vZw1_ei7xOAA7_gQWKfiJc/getUpdates "HTTP/1.1 200 OK"
2026-01-22 10:59:19,749 - httpx - INFO - HTTP Request: POST https://api.telegram.org/bot8575519773:AAFIKFqUAlOI2vZw1_ei7xOAA7_gQWKfiJc/getUpdates "HTTP/1.1 200 OK"
2026-01-22 10:59:20,040 - httpx - INFO - HTTP Request: POST https://api.telegram.org/bot8575519773:AAFIKFqUAlOI2vZw1_ei7xOAA7_gQWKfiJc/getFile "HTTP/1.1 200 OK"
2026-01-22 10:59:20,121 - httpx - INFO - HTTP Request: GET https://api.telegram.org/file/bot8575519773%3AAAFIKFqUAlOI2vZw1_ei7xOAA7_gQWKfiJc/documents/file_1.jpg "HTTP/1.1 200 OK"
2026-01-22 10:59:20,334 - httpx - INFO - HTTP Request: POST https://api.telegram.org/bot8575519773:AAFIKFqUAlOI2vZw1_ei7xOAA7_gQWKfiJc/sendMessage "HTTP/1.1 200 OK"
2026-01-22 10:59:20,673 - httpx - INFO - HTTP Request: POST https://api.telegram.org/bot8575519773:AAFIKFqUAlOI2vZw1_ei7xOAA7_gQWKfiJc/sendDocument "HTTP/1.1 200 OK"
2026-01-22 10:59:29,807 - httpx - INFO - HTTP Request: POST https://api.telegram.org/bot8575519773:AAFIKFqUAlOI2vZw1_ei7xOAA7_gQWKfiJc/getUpdates "HTTP/1.1 200 OK"
2026-01-22 10:59:32,845 - httpx - INFO - HTTP Request: POST https://api.telegram.org/bot8575519773:AAFIKFqUAlOI2vZw1_ei7xOAA7_gQWKfiJc/getUpdates "HTTP/1.1 200 OK"
2026-01-22 10:59:33,132 - httpx - INFO - HTTP Request: POST https://api.telegram.org/bot8575519773:AAFIKFqUAlOI2vZw1_ei7xOAA7_gQWKfiJc/sendMessage "HTTP/1.1 200 OK"
2026-01-22 10:59:36,121 - httpx - INFO - HTTP Request: POST https://api.telegram.org/bot8575519773:AAFIKFqUAlOI2vZw1_ei7xOAA7_gQWKfiJc/getUpdates "HTTP/1.1 200 OK"
2026-01-22 10:59:36,121 - __main__ - ERROR - Exception: 'HistoryManager' object is not callable
Traceback (most recent call last):
  File "C:\Users\froggy\AppData\Local\Programs\Python\Python313\Lib\site-packages\telegram\ext\_application.py", line 1315, in process_update
    await coroutine
  File "C:\Users\froggy\AppData\Local\Programs\Python\Python313\Lib\site-packages\telegram\ext\_handlers\basehandler.py", line 159, in handle_update
    return await self.callback(update, context)
                 ~~~~~~~~~~~~~^^^^^^^^^^^^^^^^^
TypeError: 'HistoryManager' object is not callable
2026-01-22 10:59:36,216 - httpx - INFO - HTTP Request: POST https://api.telegram.org/bot8575519773:AAFIKFqUAlOI2vZw1_ei7xOAA7_gQWKfiJc/sendMessage "HTTP/1.1 200 OK"
2026-01-22 10:59:45,947 - httpx - INFO - HTTP Request: POST https://api.telegram.org/bot8575519773:AAFIKFqUAlOI2vZw1_ei7xOAA7_gQWKfiJc/getUpdates "HTTP/1.1 200 OK"
2026-01-22 10:59:46,176 - httpx - INFO - HTTP Request: POST https://api.telegram.org/bot8575519773:AAFIKFqUAlOI2vZw1_ei7xOAA7_gQWKfiJc/answerCallbackQuery "HTTP/1.1 200 OK"
2026-01-22 10:59:46,319 - httpx - INFO - HTTP Request: POST https://api.telegram.org/bot8575519773:AAFIKFqUAlOI2vZw1_ei7xOAA7_gQWKfiJc/editMessageText "HTTP/1.1 200 OK"
2026-01-22 10:59:48,215 - httpx - INFO - HTTP Request: POST https://api.telegram.org/bot8575519773:AAFIKFqUAlOI2vZw1_ei7xOAA7_gQWKfiJc/getUpdates "HTTP/1.1 200 OK"
2026-01-22 10:59:48,379 - httpx - INFO - HTTP Request: POST https://api.telegram.org/bot8575519773:AAFIKFqUAlOI2vZw1_ei7xOAA7_gQWKfiJc/answerCallbackQuery "HTTP/1.1 200 OK"
2026-01-22 10:59:48,533 - httpx - INFO - HTTP Request: POST https://api.telegram.org/bot8575519773:AAFIKFqUAlOI2vZw1_ei7xOAA7_gQWKfiJc/editMessageText "HTTP/1.1 200 OK"
2026-01-22 10:59:52,313 - httpx - INFO - HTTP Request: POST https://api.telegram.org/bot8575519773:AAFIKFqUAlOI2vZw1_ei7xOAA7_gQWKfiJc/getUpdates "HTTP/1.1 200 OK"
2026-01-22 10:59:52,415 - httpx - INFO - HTTP Request: POST https://api.telegram.org/bot8575519773:AAFIKFqUAlOI2vZw1_ei7xOAA7_gQWKfiJc/answerCallbackQuery "HTTP/1.1 200 OK"
2026-01-22 10:59:52,550 - httpx - INFO - HTTP Request: POST https://api.telegram.org/bot8575519773:AAFIKFqUAlOI2vZw1_ei7xOAA7_gQWKfiJc/editMessageText "HTTP/1.1 200 OK"
2026-01-22 10:59:59,226 - httpx - INFO - HTTP Request: POST https://api.telegram.org/bot8575519773:AAFIKFqUAlOI2vZw1_ei7xOAA7_gQWKfiJc/getUpdates "HTTP/1.1 200 OK"
2026-01-22 10:59:59,912 - httpx - INFO - HTTP Request: POST https://api.telegram.org/bot8575519773:AAFIKFqUAlOI2vZw1_ei7xOAA7_gQWKfiJc/getFile "HTTP/1.1 200 OK"
2026-01-22 11:00:00,015 - httpx - INFO - HTTP Request: GET https://api.telegram.org/file/bot8575519773%3AAAFIKFqUAlOI2vZw1_ei7xOAA7_gQWKfiJc/videos/file_2.mp4 "HTTP/1.1 200 OK"
2026-01-22 11:00:00,988 - httpx - INFO - HTTP Request: POST https://api.telegram.org/bot8575519773:AAFIKFqUAlOI2vZw1_ei7xOAA7_gQWKfiJc/sendMessage "HTTP/1.1 200 OK"
2026-01-22 11:00:05,551 - httpx - INFO - HTTP Request: POST https://api.telegram.org/bot8575519773:AAFIKFqUAlOI2vZw1_ei7xOAA7_gQWKfiJc/getUpdates "HTTP/1.1 200 OK"
2026-01-22 11:00:05,666 - httpx - INFO - HTTP Request: POST https://api.telegram.org/bot8575519773:AAFIKFqUAlOI2vZw1_ei7xOAA7_gQWKfiJc/answerCallbackQuery "HTTP/1.1 200 OK"
2026-01-22 11:00:05,790 - httpx - INFO - HTTP Request: POST https://api.telegram.org/bot8575519773:AAFIKFqUAlOI2vZw1_ei7xOAA7_gQWKfiJc/editMessageText "HTTP/1.1 200 OK"
2026-01-22 11:00:15,623 - httpx - INFO - HTTP Request: POST https://api.telegram.org/bot8575519773:AAFIKFqUAlOI2vZw1_ei7xOAA7_gQWKfiJc/getUpdates "HTTP/1.1 200 OK"
2026-01-22 11:00:25,730 - httpx - INFO - HTTP Request: POST https://api.telegram.org/bot8575519773:AAFIKFqUAlOI2vZw1_ei7xOAA7_gQWKfiJc/getUpdates "HTTP/1.1 200 OK"
2026-01-22 11:00:35,850 - httpx - INFO - HTTP Request: POST https://api.telegram.org/bot8575519773:AAFIKFqUAlOI2vZw1_ei7xOAA7_gQWKfiJc/getUpdates "HTTP/1.1 200 OK"
2026-01-22 11:00:45,922 - httpx - INFO - HTTP Request: POST https://api.telegram.org/bot8575519773:AAFIKFqUAlOI2vZw1_ei7xOAA7_gQWKfiJc/getUpdates "HTTP/1.1 200 OK"
2026-01-22 11:00:55,982 - httpx - INFO - HTTP Request: POST https://api.telegram.org/bot8575519773:AAFIKFqUAlOI2vZw1_ei7xOAA7_gQWKfiJc/getUpdates "HTTP/1.1 200 OK"
2026-01-22 11:01:06,039 - httpx - INFO - HTTP Request: POST https://api.telegram.org/bot8575519773:AAFIKFqUAlOI2vZw1_ei7xOAA7_gQWKfiJc/getUpdates "HTTP/1.1 200 OK"
2026-01-22 11:01:16,104 - httpx - INFO - HTTP Request: POST https://api.telegram.org/bot8575519773:AAFIKFqUAlOI2vZw1_ei7xOAA7_gQWKfiJc/getUpdates "HTTP/1.1 200 OK"
2026-01-22 11:01:26,165 - httpx - INFO - HTTP Request: POST https://api.telegram.org/bot8575519773:AAFIKFqUAlOI2vZw1_ei7xOAA7_gQWKfiJc/getUpdates "HTTP/1.1 200 OK"
2026-01-22 11:01:36,284 - httpx - INFO - HTTP Request: POST https://api.telegram.org/bot8575519773:AAFIKFqUAlOI2vZw1_ei7xOAA7_gQWKfiJc/getUpdates "HTTP/1.1 200 OK"
2026-01-22 11:01:44,963 - httpx - INFO - HTTP Request: POST https://api.telegram.org/bot8575519773:AAFIKFqUAlOI2vZw1_ei7xOAA7_gQWKfiJc/getUpdates "HTTP/1.1 200 OK"
2026-01-22 11:01:44,965 - __main__ - ERROR - Exception: 'HistoryManager' object is not callable
Traceback (most recent call last):
  File "C:\Users\froggy\AppData\Local\Programs\Python\Python313\Lib\site-packages\telegram\ext\_application.py", line 1315, in process_update
    await coroutine
  File "C:\Users\froggy\AppData\Local\Programs\Python\Python313\Lib\site-packages\telegram\ext\_handlers\basehandler.py", line 159, in handle_update
    return await self.callback(update, context)
                 ~~~~~~~~~~~~~^^^^^^^^^^^^^^^^^
TypeError: 'HistoryManager' object is not callable
2026-01-22 11:01:45,242 - httpx - INFO - HTTP Request: POST https://api.telegram.org/bot8575519773:AAFIKFqUAlOI2vZw1_ei7xOAA7_gQWKfiJc/sendMessage "HTTP/1.1 200 OK"
2026-01-22 11:01:55,029 - httpx - INFO - HTTP Request: POST https://api.telegram.org/bot8575519773:AAFIKFqUAlOI2vZw1_ei7xOAA7_gQWKfiJc/getUpdates "HTTP/1.1 200 OK"
2026-01-22 11:02:05,156 - httpx - INFO - HTTP Request: POST https://api.telegram.org/bot8575519773:AAFIKFqUAlOI2vZw1_ei7xOAA7_gQWKfiJc/getUpdates "HTTP/1.1 200 OK"
2026-01-22 11:02:15,244 - httpx - INFO - HTTP Request: POST https://api.telegram.org/bot8575519773:AAFIKFqUAlOI2vZw1_ei7xOAA7_gQWKfiJc/getUpdates "HTTP/1.1 200 OK"
2026-01-22 11:02:25,354 - httpx - INFO - HTTP Request: POST https://api.telegram.org/bot8575519773:AAFIKFqUAlOI2vZw1_ei7xOAA7_gQWKfiJc/getUpdates "HTTP/1.1 200 OK"
2026-01-22 11:02:35,446 - httpx - INFO - HTTP Request: POST https://api.telegram.org/bot8575519773:AAFIKFqUAlOI2vZw1_ei7xOAA7_gQWKfiJc/getUpdates "HTTP/1.1 200 OK"
2026-01-22 11:02:45,504 - httpx - INFO - HTTP Request: POST https://api.telegram.org/bot8575519773:AAFIKFqUAlOI2vZw1_ei7xOAA7_gQWKfiJc/getUpdates "HTTP/1.1 200 OK"
2026-01-22 11:02:55,590 - httpx - INFO - HTTP Request: POST https://api.telegram.org/bot8575519773:AAFIKFqUAlOI2vZw1_ei7xOAA7_gQWKfiJc/getUpdates "HTTP/1.1 200 OK"
2026-01-22 11:03:05,694 - httpx - INFO - HTTP Request: POST https://api.telegram.org/bot8575519773:AAFIKFqUAlOI2vZw1_ei7xOAA7_gQWKfiJc/getUpdates "HTTP/1.1 200 OK"
2026-01-22 11:03:15,767 - httpx - INFO - HTTP Request: POST https://api.telegram.org/bot8575519773:AAFIKFqUAlOI2vZw1_ei7xOAA7_gQWKfiJc/getUpdates "HTTP/1.1 200 OK"
2026-01-22 11:03:25,829 - httpx - INFO - HTTP Request: POST https://api.telegram.org/bot8575519773:AAFIKFqUAlOI2vZw1_ei7xOAA7_gQWKfiJc/getUpdates "HTTP/1.1 200 OK"
2026-01-22 11:03:35,901 - httpx - INFO - HTTP Request: POST https://api.telegram.org/bot8575519773:AAFIKFqUAlOI2vZw1_ei7xOAA7_gQWKfiJc/getUpdates "HTTP/1.1 200 OK"
2026-01-22 11:03:45,961 - httpx - INFO - HTTP Request: POST https://api.telegram.org/bot8575519773:AAFIKFqUAlOI2vZw1_ei7xOAA7_gQWKfiJc/getUpdates "HTTP/1.1 200 OK"
2026-01-22 11:03:56,019 - httpx - INFO - HTTP Request: POST https://api.telegram.org/bot8575519773:AAFIKFqUAlOI2vZw1_ei7xOAA7_gQWKfiJc/getUpdates "HTTP/1.1 200 OK"
2026-01-22 11:04:06,080 - httpx - INFO - HTTP Request: POST https://api.telegram.org/bot8575519773:AAFIKFqUAlOI2vZw1_ei7xOAA7_gQWKfiJc/getUpdates "HTTP/1.1 200 OK"
2026-01-22 11:04:16,137 - httpx - INFO - HTTP Request: POST https://api.telegram.org/bot8575519773:AAFIKFqUAlOI2vZw1_ei7xOAA7_gQWKfiJc/getUpdates "HTTP/1.1 200 OK"
2026-01-22 11:04:18,481 - __main__ - INFO - Shutting down bot...
2026-01-22 11:04:18,481 - src.utils.file_manager - INFO - File manager stopped
2026-01-22 11:04:21,709 - httpx - INFO - HTTP Request: POST https://api.telegram.org/bot8575519773:AAFIKFqUAlOI2vZw1_ei7xOAA7_gQWKfiJc/getUpdates "HTTP/1.1 200 OK"
2026-01-22 11:04:21,709 - telegram.ext.Application - INFO - Application is stopping. This might take a moment.
2026-01-22 11:04:21,710 - telegram.ext.Application - INFO - Application.stop() complete
2026-01-22 11:04:21,710 - __main__ - INFO - Bot shutdown complete
2026-01-22 11:06:21,109 - __main__ - INFO - Initializing Converter Bot...
2026-01-22 11:06:21,110 - src.utils.history - INFO - Loaded history for 1 users
2026-01-22 11:06:21,410 - __main__ - INFO - Bot initialization complete
2026-01-22 11:06:21,410 - src.utils.file_manager - INFO - File manager started
2026-01-22 11:06:21,410 - __main__ - INFO - Starting bot polling...
2026-01-22 11:06:21,651 - httpx - INFO - HTTP Request: POST https://api.telegram.org/bot8575519773:AAFIKFqUAlOI2vZw1_ei7xOAA7_gQWKfiJc/getMe "HTTP/1.1 200 OK"
2026-01-22 11:06:21,651 - telegram.ext.Application - INFO - Application started
2026-01-22 11:06:21,707 - httpx - INFO - HTTP Request: POST https://api.telegram.org/bot8575519773:AAFIKFqUAlOI2vZw1_ei7xOAA7_gQWKfiJc/deleteWebhook "HTTP/1.1 200 OK"
2026-01-22 11:06:21,707 - __main__ - INFO - Bot is running! Press Ctrl+C to stop.
2026-01-22 11:06:31,930 - httpx - INFO - HTTP Request: POST https://api.telegram.org/bot8575519773:AAFIKFqUAlOI2vZw1_ei7xOAA7_gQWKfiJc/getUpdates "HTTP/1.1 200 OK"
2026-01-22 11:06:41,985 - httpx - INFO - HTTP Request: POST https://api.telegram.org/bot8575519773:AAFIKFqUAlOI2vZw1_ei7xOAA7_gQWKfiJc/getUpdates "HTTP/1.1 200 OK"
2026-01-22 11:06:52,039 - httpx - INFO - HTTP Request: POST https://api.telegram.org/bot8575519773:AAFIKFqUAlOI2vZw1_ei7xOAA7_gQWKfiJc/getUpdates "HTTP/1.1 200 OK"
2026-01-22 11:07:02,092 - httpx - INFO - HTTP Request: POST https://api.telegram.org/bot8575519773:AAFIKFqUAlOI2vZw1_ei7xOAA7_gQWKfiJc/getUpdates "HTTP/1.1 200 OK"
2026-01-22 11:07:11,749 - __main__ - INFO - Shutting down bot...
2026-01-22 11:07:11,749 - src.utils.file_manager - INFO - File manager stopped
2026-01-22 11:07:11,936 - httpx - INFO - HTTP Request: POST https://api.telegram.org/bot8575519773:AAFIKFqUAlOI2vZw1_ei7xOAA7_gQWKfiJc/getUpdates "HTTP/1.1 200 OK"
2026-01-22 11:07:11,936 - telegram.ext.Application - INFO - Application is stopping. This might take a moment.
2026-01-22 11:07:11,937 - telegram.ext.Application - INFO - Application.stop() complete
2026-01-22 11:07:11,937 - __main__ - INFO - Bot shutdown complete
2026-01-22 11:07:31,612 - __main__ - INFO - Initializing Converter Bot...
2026-01-22 11:07:31,612 - src.utils.history - INFO - Loaded history for 1 users
2026-01-22 11:07:31,924 - __main__ - INFO - Bot initialization complete
2026-01-22 11:07:31,924 - src.utils.file_manager - INFO - File manager started
2026-01-22 11:07:31,924 - __main__ - INFO - Starting bot polling...
2026-01-22 11:07:32,345 - httpx - INFO - HTTP Request: POST https://api.telegram.org/bot8575519773:AAFIKFqUAlOI2vZw1_ei7xOAA7_gQWKfiJc/getMe "HTTP/1.1 200 OK"
2026-01-22 11:07:32,345 - telegram.ext.Application - INFO - Application started
2026-01-22 11:07:32,400 - httpx - INFO - HTTP Request: POST https://api.telegram.org/bot8575519773:AAFIKFqUAlOI2vZw1_ei7xOAA7_gQWKfiJc/deleteWebhook "HTTP/1.1 200 OK"
2026-01-22 11:07:32,401 - __main__ - INFO - Bot is running! Press Ctrl+C to stop.
2026-01-22 11:07:42,581 - httpx - INFO - HTTP Request: POST https://api.telegram.org/bot8575519773:AAFIKFqUAlOI2vZw1_ei7xOAA7_gQWKfiJc/getUpdates "HTTP/1.1 200 OK"
2026-01-22 11:07:52,643 - httpx - INFO - HTTP Request: POST https://api.telegram.org/bot8575519773:AAFIKFqUAlOI2vZw1_ei7xOAA7_gQWKfiJc/getUpdates "HTTP/1.1 200 OK"
2026-01-22 11:08:02,703 - httpx - INFO - HTTP Request: POST https://api.telegram.org/bot8575519773:AAFIKFqUAlOI2vZw1_ei7xOAA7_gQWKfiJc/getUpdates "HTTP/1.1 200 OK"
2026-01-22 11:08:12,763 - httpx - INFO - HTTP Request: POST https://api.telegram.org/bot8575519773:AAFIKFqUAlOI2vZw1_ei7xOAA7_gQWKfiJc/getUpdates "HTTP/1.1 200 OK"
2026-01-22 11:08:22,006 - __main__ - INFO - Initializing Converter Bot...
2026-01-22 11:08:22,007 - src.utils.history - INFO - Loaded history for 1 users
2026-01-22 11:08:22,322 - __main__ - INFO - Bot initialization complete
2026-01-22 11:08:22,322 - src.utils.file_manager - INFO - File manager started
2026-01-22 11:08:22,322 - __main__ - INFO - Starting bot polling...
2026-01-22 11:08:22,594 - httpx - INFO - HTTP Request: POST https://api.telegram.org/bot8575519773:AAFIKFqUAlOI2vZw1_ei7xOAA7_gQWKfiJc/getMe "HTTP/1.1 200 OK"
2026-01-22 11:08:22,595 - telegram.ext.Application - INFO - Application started
2026-01-22 11:08:22,660 - httpx - INFO - HTTP Request: POST https://api.telegram.org/bot8575519773:AAFIKFqUAlOI2vZw1_ei7xOAA7_gQWKfiJc/deleteWebhook "HTTP/1.1 200 OK"
2026-01-22 11:08:22,660 - __main__ - INFO - Bot is running! Press Ctrl+C to stop.
2026-01-22 11:08:28,937 - httpx - INFO - HTTP Request: POST https://api.telegram.org/bot8575519773:AAFIKFqUAlOI2vZw1_ei7xOAA7_gQWKfiJc/getUpdates "HTTP/1.1 200 OK"
2026-01-22 11:08:29,288 - httpx - INFO - HTTP Request: POST https://api.telegram.org/bot8575519773:AAFIKFqUAlOI2vZw1_ei7xOAA7_gQWKfiJc/sendMessage "HTTP/1.1 200 OK"
2026-01-22 11:08:29,289 - src.handlers.command_handlers - INFO - User 8019993731 started the bot
2026-01-22 11:08:31,346 - httpx - INFO - HTTP Request: POST https://api.telegram.org/bot8575519773:AAFIKFqUAlOI2vZw1_ei7xOAA7_gQWKfiJc/getUpdates "HTTP/1.1 200 OK"
2026-01-22 11:08:31,412 - httpx - INFO - HTTP Request: POST https://api.telegram.org/bot8575519773:AAFIKFqUAlOI2vZw1_ei7xOAA7_gQWKfiJc/answerCallbackQuery "HTTP/1.1 200 OK"
2026-01-22 11:08:31,500 - httpx - INFO - HTTP Request: POST https://api.telegram.org/bot8575519773:AAFIKFqUAlOI2vZw1_ei7xOAA7_gQWKfiJc/editMessageText "HTTP/1.1 200 OK"
2026-01-22 11:08:35,179 - httpx - INFO - HTTP Request: POST https://api.telegram.org/bot8575519773:AAFIKFqUAlOI2vZw1_ei7xOAA7_gQWKfiJc/getUpdates "HTTP/1.1 200 OK"
2026-01-22 11:08:35,373 - httpx - INFO - HTTP Request: POST https://api.telegram.org/bot8575519773:AAFIKFqUAlOI2vZw1_ei7xOAA7_gQWKfiJc/answerCallbackQuery "HTTP/1.1 200 OK"
2026-01-22 11:08:35,604 - httpx - INFO - HTTP Request: POST https://api.telegram.org/bot8575519773:AAFIKFqUAlOI2vZw1_ei7xOAA7_gQWKfiJc/editMessageText "HTTP/1.1 200 OK"
2026-01-22 11:08:42,107 - httpx - INFO - HTTP Request: POST https://api.telegram.org/bot8575519773:AAFIKFqUAlOI2vZw1_ei7xOAA7_gQWKfiJc/getUpdates "HTTP/1.1 200 OK"
2026-01-22 11:08:42,376 - httpx - INFO - HTTP Request: POST https://api.telegram.org/bot8575519773:AAFIKFqUAlOI2vZw1_ei7xOAA7_gQWKfiJc/getFile "HTTP/1.1 200 OK"
2026-01-22 11:08:42,454 - httpx - INFO - HTTP Request: GET https://api.telegram.org/file/bot8575519773%3AAAFIKFqUAlOI2vZw1_ei7xOAA7_gQWKfiJc/photos/file_3.jpg "HTTP/1.1 200 OK"
2026-01-22 11:08:42,681 - httpx - INFO - HTTP Request: POST https://api.telegram.org/bot8575519773:AAFIKFqUAlOI2vZw1_ei7xOAA7_gQWKfiJc/sendMessage "HTTP/1.1 200 OK"
2026-01-22 11:08:44,325 - httpx - INFO - HTTP Request: POST https://api.telegram.org/bot8575519773:AAFIKFqUAlOI2vZw1_ei7xOAA7_gQWKfiJc/getUpdates "HTTP/1.1 200 OK"
2026-01-22 11:08:44,434 - httpx - INFO - HTTP Request: POST https://api.telegram.org/bot8575519773:AAFIKFqUAlOI2vZw1_ei7xOAA7_gQWKfiJc/answerCallbackQuery "HTTP/1.1 200 OK"
2026-01-22 11:08:44,564 - httpx - INFO - HTTP Request: POST https://api.telegram.org/bot8575519773:AAFIKFqUAlOI2vZw1_ei7xOAA7_gQWKfiJc/editMessageText "HTTP/1.1 200 OK"
2026-01-22 11:08:54,380 - httpx - INFO - HTTP Request: POST https://api.telegram.org/bot8575519773:AAFIKFqUAlOI2vZw1_ei7xOAA7_gQWKfiJc/getUpdates "HTTP/1.1 200 OK"
2026-01-22 11:09:04,431 - httpx - INFO - HTTP Request: POST https://api.telegram.org/bot8575519773:AAFIKFqUAlOI2vZw1_ei7xOAA7_gQWKfiJc/getUpdates "HTTP/1.1 200 OK"
2026-01-22 11:09:14,487 - httpx - INFO - HTTP Request: POST https://api.telegram.org/bot8575519773:AAFIKFqUAlOI2vZw1_ei7xOAA7_gQWKfiJc/getUpdates "HTTP/1.1 200 OK"
2026-01-22 11:09:24,540 - httpx - INFO - HTTP Request: POST https://api.telegram.org/bot8575519773:AAFIKFqUAlOI2vZw1_ei7xOAA7_gQWKfiJc/getUpdates "HTTP/1.1 200 OK"
2026-01-22 11:09:34,592 - httpx - INFO - HTTP Request: POST https://api.telegram.org/bot8575519773:AAFIKFqUAlOI2vZw1_ei7xOAA7_gQWKfiJc/getUpdates "HTTP/1.1 200 OK"
2026-01-22 11:09:44,644 - httpx - INFO - HTTP Request: POST https://api.telegram.org/bot8575519773:AAFIKFqUAlOI2vZw1_ei7xOAA7_gQWKfiJc/getUpdates "HTTP/1.1 200 OK"
2026-01-22 11:09:54,698 - httpx - INFO - HTTP Request: POST https://api.telegram.org/bot8575519773:AAFIKFqUAlOI2vZw1_ei7xOAA7_gQWKfiJc/getUpdates "HTTP/1.1 200 OK"
2026-01-22 11:10:04,751 - httpx - INFO - HTTP Request: POST https://api.telegram.org/bot8575519773:AAFIKFqUAlOI2vZw1_ei7xOAA7_gQWKfiJc/getUpdates "HTTP/1.1 200 OK"
2026-01-22 11:10:16,384 - __main__ - INFO - Initializing Converter Bot...
2026-01-22 11:10:16,385 - src.utils.history - INFO - Loaded history for 1 users
2026-01-22 11:10:16,695 - __main__ - INFO - Bot initialization complete
2026-01-22 11:10:16,695 - src.utils.file_manager - INFO - File manager started
2026-01-22 11:10:16,695 - __main__ - INFO - Starting bot polling...
2026-01-22 11:10:16,966 - httpx - INFO - HTTP Request: POST https://api.telegram.org/bot8575519773:AAFIKFqUAlOI2vZw1_ei7xOAA7_gQWKfiJc/getMe "HTTP/1.1 200 OK"
2026-01-22 11:10:16,966 - telegram.ext.Application - INFO - Application started
2026-01-22 11:10:17,024 - httpx - INFO - HTTP Request: POST https://api.telegram.org/bot8575519773:AAFIKFqUAlOI2vZw1_ei7xOAA7_gQWKfiJc/deleteWebhook "HTTP/1.1 200 OK"
2026-01-22 11:10:17,025 - __main__ - INFO - Bot is running! Press Ctrl+C to stop.
2026-01-22 11:10:27,198 - httpx - INFO - HTTP Request: POST https://api.telegram.org/bot8575519773:AAFIKFqUAlOI2vZw1_ei7xOAA7_gQWKfiJc/getUpdates "HTTP/1.1 200 OK"
2026-01-22 11:10:32,938 - httpx - INFO - HTTP Request: POST https://api.telegram.org/bot8575519773:AAFIKFqUAlOI2vZw1_ei7xOAA7_gQWKfiJc/getUpdates "HTTP/1.1 200 OK"
2026-01-22 11:10:33,126 - httpx - INFO - HTTP Request: POST https://api.telegram.org/bot8575519773:AAFIKFqUAlOI2vZw1_ei7xOAA7_gQWKfiJc/sendMessage "HTTP/1.1 200 OK"
2026-01-22 11:10:33,127 - src.handlers.command_handlers - INFO - User 8019993731 started the bot
2026-01-22 11:10:37,134 - httpx - INFO - HTTP Request: POST https://api.telegram.org/bot8575519773:AAFIKFqUAlOI2vZw1_ei7xOAA7_gQWKfiJc/getUpdates "HTTP/1.1 200 OK"
2026-01-22 11:10:37,190 - httpx - INFO - HTTP Request: POST https://api.telegram.org/bot8575519773:AAFIKFqUAlOI2vZw1_ei7xOAA7_gQWKfiJc/getFile "HTTP/1.1 200 OK"
2026-01-22 11:10:37,312 - httpx - INFO - HTTP Request: GET https://api.telegram.org/file/bot8575519773%3AAAFIKFqUAlOI2vZw1_ei7xOAA7_gQWKfiJc/photos/file_3.jpg "HTTP/1.1 200 OK"
2026-01-22 11:10:37,587 - httpx - INFO - HTTP Request: POST https://api.telegram.org/bot8575519773:AAFIKFqUAlOI2vZw1_ei7xOAA7_gQWKfiJc/sendMessage "HTTP/1.1 200 OK"
2026-01-22 11:10:38,696 - httpx - INFO - HTTP Request: POST https://api.telegram.org/bot8575519773:AAFIKFqUAlOI2vZw1_ei7xOAA7_gQWKfiJc/getUpdates "HTTP/1.1 200 OK"
2026-01-22 11:10:38,796 - httpx - INFO - HTTP Request: POST https://api.telegram.org/bot8575519773:AAFIKFqUAlOI2vZw1_ei7xOAA7_gQWKfiJc/answerCallbackQuery "HTTP/1.1 200 OK"
2026-01-22 11:10:38,910 - httpx - INFO - HTTP Request: POST https://api.telegram.org/bot8575519773:AAFIKFqUAlOI2vZw1_ei7xOAA7_gQWKfiJc/editMessageText "HTTP/1.1 200 OK"
2026-01-22 11:10:39,025 - httpx - INFO - HTTP Request: POST https://api.telegram.org/bot8575519773:AAFIKFqUAlOI2vZw1_ei7xOAA7_gQWKfiJc/sendMessage "HTTP/1.1 200 OK"
2026-01-22 11:10:39,305 - httpx - INFO - HTTP Request: POST https://api.telegram.org/bot8575519773:AAFIKFqUAlOI2vZw1_ei7xOAA7_gQWKfiJc/sendDocument "HTTP/1.1 200 OK"
2026-01-22 11:10:48,753 - httpx - INFO - HTTP Request: POST https://api.telegram.org/bot8575519773:AAFIKFqUAlOI2vZw1_ei7xOAA7_gQWKfiJc/getUpdates "HTTP/1.1 200 OK"
2026-01-22 11:10:56,555 - httpx - INFO - HTTP Request: POST https://api.telegram.org/bot8575519773:AAFIKFqUAlOI2vZw1_ei7xOAA7_gQWKfiJc/getUpdates "HTTP/1.1 200 OK"
2026-01-22 11:10:56,764 - httpx - INFO - HTTP Request: POST https://api.telegram.org/bot8575519773:AAFIKFqUAlOI2vZw1_ei7xOAA7_gQWKfiJc/getFile "HTTP/1.1 200 OK"
2026-01-22 11:10:56,836 - httpx - INFO - HTTP Request: GET https://api.telegram.org/file/bot8575519773%3AAAFIKFqUAlOI2vZw1_ei7xOAA7_gQWKfiJc/videos/file_2.mp4 "HTTP/1.1 200 OK"
2026-01-22 11:10:57,586 - httpx - INFO - HTTP Request: POST https://api.telegram.org/bot8575519773:AAFIKFqUAlOI2vZw1_ei7xOAA7_gQWKfiJc/sendMessage "HTTP/1.1 200 OK"
2026-01-22 11:11:00,345 - httpx - INFO - HTTP Request: POST https://api.telegram.org/bot8575519773:AAFIKFqUAlOI2vZw1_ei7xOAA7_gQWKfiJc/getUpdates "HTTP/1.1 200 OK"
2026-01-22 11:11:00,436 - httpx - INFO - HTTP Request: POST https://api.telegram.org/bot8575519773:AAFIKFqUAlOI2vZw1_ei7xOAA7_gQWKfiJc/answerCallbackQuery "HTTP/1.1 200 OK"
2026-01-22 11:11:00,553 - httpx - INFO - HTTP Request: POST https://api.telegram.org/bot8575519773:AAFIKFqUAlOI2vZw1_ei7xOAA7_gQWKfiJc/editMessageText "HTTP/1.1 200 OK"
2026-01-22 11:11:00,685 - httpx - INFO - HTTP Request: POST https://api.telegram.org/bot8575519773:AAFIKFqUAlOI2vZw1_ei7xOAA7_gQWKfiJc/sendMessage "HTTP/1.1 200 OK"
2026-01-22 11:11:10,401 - httpx - INFO - HTTP Request: POST https://api.telegram.org/bot8575519773:AAFIKFqUAlOI2vZw1_ei7xOAA7_gQWKfiJc/getUpdates "HTTP/1.1 200 OK"
2026-01-22 11:11:20,282 - httpx - INFO - HTTP Request: POST https://api.telegram.org/bot8575519773:AAFIKFqUAlOI2vZw1_ei7xOAA7_gQWKfiJc/sendDocument "HTTP/1.1 413 Request Entity Too Large"
2026-01-22 11:11:20,283 - src.handlers.file_handlers - ERROR - Conversion error: Request Entity Too Large
2026-01-22 11:11:20,477 - httpx - INFO - HTTP Request: POST https://api.telegram.org/bot8575519773:AAFIKFqUAlOI2vZw1_ei7xOAA7_gQWKfiJc/getUpdates "HTTP/1.1 200 OK"
2026-01-22 11:11:30,533 - httpx - INFO - HTTP Request: POST https://api.telegram.org/bot8575519773:AAFIKFqUAlOI2vZw1_ei7xOAA7_gQWKfiJc/getUpdates "HTTP/1.1 200 OK"
2026-01-22 11:11:31,235 - httpx - INFO - HTTP Request: POST https://api.telegram.org/bot8575519773:AAFIKFqUAlOI2vZw1_ei7xOAA7_gQWKfiJc/getUpdates "HTTP/1.1 200 OK"
2026-01-22 11:11:31,462 - httpx - INFO - HTTP Request: POST https://api.telegram.org/bot8575519773:AAFIKFqUAlOI2vZw1_ei7xOAA7_gQWKfiJc/getFile "HTTP/1.1 200 OK"
2026-01-22 11:11:31,536 - httpx - INFO - HTTP Request: GET https://api.telegram.org/file/bot8575519773%3AAAFIKFqUAlOI2vZw1_ei7xOAA7_gQWKfiJc/videos/file_2.mp4 "HTTP/1.1 200 OK"
2026-01-22 11:11:32,243 - httpx - INFO - HTTP Request: POST https://api.telegram.org/bot8575519773:AAFIKFqUAlOI2vZw1_ei7xOAA7_gQWKfiJc/sendMessage "HTTP/1.1 200 OK"
2026-01-22 11:11:34,433 - httpx - INFO - HTTP Request: POST https://api.telegram.org/bot8575519773:AAFIKFqUAlOI2vZw1_ei7xOAA7_gQWKfiJc/getUpdates "HTTP/1.1 200 OK"
2026-01-22 11:11:34,506 - httpx - INFO - HTTP Request: POST https://api.telegram.org/bot8575519773:AAFIKFqUAlOI2vZw1_ei7xOAA7_gQWKfiJc/answerCallbackQuery "HTTP/1.1 200 OK"
2026-01-22 11:11:34,590 - httpx - INFO - HTTP Request: POST https://api.telegram.org/bot8575519773:AAFIKFqUAlOI2vZw1_ei7xOAA7_gQWKfiJc/editMessageText "HTTP/1.1 200 OK"
2026-01-22 11:11:34,677 - httpx - INFO - HTTP Request: POST https://api.telegram.org/bot8575519773:AAFIKFqUAlOI2vZw1_ei7xOAA7_gQWKfiJc/sendMessage "HTTP/1.1 200 OK"
2026-01-22 11:11:44,490 - httpx - INFO - HTTP Request: POST https://api.telegram.org/bot8575519773:AAFIKFqUAlOI2vZw1_ei7xOAA7_gQWKfiJc/getUpdates "HTTP/1.1 200 OK"
2026-01-22 11:11:54,551 - httpx - INFO - HTTP Request: POST https://api.telegram.org/bot8575519773:AAFIKFqUAlOI2vZw1_ei7xOAA7_gQWKfiJc/getUpdates "HTTP/1.1 200 OK"
2026-01-22 11:12:00,107 - httpx - INFO - HTTP Request: POST https://api.telegram.org/bot8575519773:AAFIKFqUAlOI2vZw1_ei7xOAA7_gQWKfiJc/sendDocument "HTTP/1.1 200 OK"
2026-01-22 11:12:04,644 - httpx - INFO - HTTP Request: POST https://api.telegram.org/bot8575519773:AAFIKFqUAlOI2vZw1_ei7xOAA7_gQWKfiJc/getUpdates "HTTP/1.1 200 OK"
2026-01-22 11:12:14,706 - httpx - INFO - HTTP Request: POST https://api.telegram.org/bot8575519773:AAFIKFqUAlOI2vZw1_ei7xOAA7_gQWKfiJc/getUpdates "HTTP/1.1 200 OK"
2026-01-22 11:12:24,811 - httpx - INFO - HTTP Request: POST https://api.telegram.org/bot8575519773:AAFIKFqUAlOI2vZw1_ei7xOAA7_gQWKfiJc/getUpdates "HTTP/1.1 200 OK"
2026-01-22 11:12:34,868 - httpx - INFO - HTTP Request: POST https://api.telegram.org/bot8575519773:AAFIKFqUAlOI2vZw1_ei7xOAA7_gQWKfiJc/getUpdates "HTTP/1.1 200 OK"
2026-01-22 11:12:35,043 - httpx - INFO - HTTP Request: POST https://api.telegram.org/bot8575519773:AAFIKFqUAlOI2vZw1_ei7xOAA7_gQWKfiJc/getUpdates "HTTP/1.1 200 OK"
2026-01-22 11:12:35,269 - httpx - INFO - HTTP Request: POST https://api.telegram.org/bot8575519773:AAFIKFqUAlOI2vZw1_ei7xOAA7_gQWKfiJc/sendMessage "HTTP/1.1 200 OK"
2026-01-22 11:12:40,334 - httpx - INFO - HTTP Request: POST https://api.telegram.org/bot8575519773:AAFIKFqUAlOI2vZw1_ei7xOAA7_gQWKfiJc/getUpdates "HTTP/1.1 200 OK"
2026-01-22 11:12:40,550 - httpx - INFO - HTTP Request: POST https://api.telegram.org/bot8575519773:AAFIKFqUAlOI2vZw1_ei7xOAA7_gQWKfiJc/answerCallbackQuery "HTTP/1.1 200 OK"
2026-01-22 11:12:40,641 - httpx - INFO - HTTP Request: POST https://api.telegram.org/bot8575519773:AAFIKFqUAlOI2vZw1_ei7xOAA7_gQWKfiJc/editMessageText "HTTP/1.1 200 OK"
2026-01-22 11:12:44,790 - httpx - INFO - HTTP Request: POST https://api.telegram.org/bot8575519773:AAFIKFqUAlOI2vZw1_ei7xOAA7_gQWKfiJc/getUpdates "HTTP/1.1 200 OK"
2026-01-22 11:12:44,890 - httpx - INFO - HTTP Request: POST https://api.telegram.org/bot8575519773:AAFIKFqUAlOI2vZw1_ei7xOAA7_gQWKfiJc/answerCallbackQuery "HTTP/1.1 200 OK"
2026-01-22 11:12:44,891 - src.handlers.callback_handlers - WARNING - Unknown callback: redownload_626617a5
2026-01-22 11:12:46,813 - httpx - INFO - HTTP Request: POST https://api.telegram.org/bot8575519773:AAFIKFqUAlOI2vZw1_ei7xOAA7_gQWKfiJc/getUpdates "HTTP/1.1 200 OK"
2026-01-22 11:12:46,887 - httpx - INFO - HTTP Request: POST https://api.telegram.org/bot8575519773:AAFIKFqUAlOI2vZw1_ei7xOAA7_gQWKfiJc/answerCallbackQuery "HTTP/1.1 200 OK"
2026-01-22 11:12:46,888 - src.handlers.callback_handlers - WARNING - Unknown callback: redownload_626617a5
2026-01-22 11:12:47,597 - httpx - INFO - HTTP Request: POST https://api.telegram.org/bot8575519773:AAFIKFqUAlOI2vZw1_ei7xOAA7_gQWKfiJc/getUpdates "HTTP/1.1 200 OK"
2026-01-22 11:12:47,668 - httpx - INFO - HTTP Request: POST https://api.telegram.org/bot8575519773:AAFIKFqUAlOI2vZw1_ei7xOAA7_gQWKfiJc/answerCallbackQuery "HTTP/1.1 200 OK"
2026-01-22 11:12:47,668 - src.handlers.callback_handlers - WARNING - Unknown callback: reconvert_626617a5
2026-01-22 11:12:49,863 - httpx - INFO - HTTP Request: POST https://api.telegram.org/bot8575519773:AAFIKFqUAlOI2vZw1_ei7xOAA7_gQWKfiJc/getUpdates "HTTP/1.1 200 OK"
2026-01-22 11:12:50,002 - httpx - INFO - HTTP Request: POST https://api.telegram.org/bot8575519773:AAFIKFqUAlOI2vZw1_ei7xOAA7_gQWKfiJc/answerCallbackQuery "HTTP/1.1 200 OK"
2026-01-22 11:12:50,003 - src.handlers.callback_handlers - WARNING - Unknown callback: delete_hist_626617a5
2026-01-22 11:12:51,146 - httpx - INFO - HTTP Request: POST https://api.telegram.org/bot8575519773:AAFIKFqUAlOI2vZw1_ei7xOAA7_gQWKfiJc/getUpdates "HTTP/1.1 200 OK"
2026-01-22 11:12:51,225 - httpx - INFO - HTTP Request: POST https://api.telegram.org/bot8575519773:AAFIKFqUAlOI2vZw1_ei7xOAA7_gQWKfiJc/answerCallbackQuery "HTTP/1.1 200 OK"
2026-01-22 11:12:51,329 - httpx - INFO - HTTP Request: POST https://api.telegram.org/bot8575519773:AAFIKFqUAlOI2vZw1_ei7xOAA7_gQWKfiJc/editMessageText "HTTP/1.1 200 OK"
2026-01-22 11:12:52,602 - httpx - INFO - HTTP Request: POST https://api.telegram.org/bot8575519773:AAFIKFqUAlOI2vZw1_ei7xOAA7_gQWKfiJc/getUpdates "HTTP/1.1 200 OK"
2026-01-22 11:12:52,720 - httpx - INFO - HTTP Request: POST https://api.telegram.org/bot8575519773:AAFIKFqUAlOI2vZw1_ei7xOAA7_gQWKfiJc/answerCallbackQuery "HTTP/1.1 200 OK"
2026-01-22 11:12:52,845 - httpx - INFO - HTTP Request: POST https://api.telegram.org/bot8575519773:AAFIKFqUAlOI2vZw1_ei7xOAA7_gQWKfiJc/editMessageText "HTTP/1.1 200 OK"
2026-01-22 11:12:54,003 - httpx - INFO - HTTP Request: POST https://api.telegram.org/bot8575519773:AAFIKFqUAlOI2vZw1_ei7xOAA7_gQWKfiJc/getUpdates "HTTP/1.1 200 OK"
2026-01-22 11:12:54,073 - httpx - INFO - HTTP Request: POST https://api.telegram.org/bot8575519773:AAFIKFqUAlOI2vZw1_ei7xOAA7_gQWKfiJc/answerCallbackQuery "HTTP/1.1 200 OK"
2026-01-22 11:12:54,074 - src.handlers.callback_handlers - WARNING - Unknown callback: redownload_376059f0
2026-01-22 11:12:54,804 - httpx - INFO - HTTP Request: POST https://api.telegram.org/bot8575519773:AAFIKFqUAlOI2vZw1_ei7xOAA7_gQWKfiJc/getUpdates "HTTP/1.1 200 OK"
2026-01-22 11:12:54,882 - httpx - INFO - HTTP Request: POST https://api.telegram.org/bot8575519773:AAFIKFqUAlOI2vZw1_ei7xOAA7_gQWKfiJc/answerCallbackQuery "HTTP/1.1 200 OK"
2026-01-22 11:12:54,882 - src.handlers.callback_handlers - WARNING - Unknown callback: reconvert_376059f0
2026-01-22 11:13:04,876 - httpx - INFO - HTTP Request: POST https://api.telegram.org/bot8575519773:AAFIKFqUAlOI2vZw1_ei7xOAA7_gQWKfiJc/getUpdates "HTTP/1.1 200 OK"
2026-01-22 11:13:14,959 - httpx - INFO - HTTP Request: POST https://api.telegram.org/bot8575519773:AAFIKFqUAlOI2vZw1_ei7xOAA7_gQWKfiJc/getUpdates "HTTP/1.1 200 OK"
2026-01-22 11:13:25,021 - httpx - INFO - HTTP Request: POST https://api.telegram.org/bot8575519773:AAFIKFqUAlOI2vZw1_ei7xOAA7_gQWKfiJc/getUpdates "HTTP/1.1 200 OK"
2026-01-22 11:13:35,077 - httpx - INFO - HTTP Request: POST https://api.telegram.org/bot8575519773:AAFIKFqUAlOI2vZw1_ei7xOAA7_gQWKfiJc/getUpdates "HTTP/1.1 200 OK"
2026-01-22 11:13:45,147 - httpx - INFO - HTTP Request: POST https://api.telegram.org/bot8575519773:AAFIKFqUAlOI2vZw1_ei7xOAA7_gQWKfiJc/getUpdates "HTTP/1.1 200 OK"
2026-01-22 11:13:55,330 - httpx - INFO - HTTP Request: POST https://api.telegram.org/bot8575519773:AAFIKFqUAlOI2vZw1_ei7xOAA7_gQWKfiJc/getUpdates "HTTP/1.1 200 OK"
2026-01-22 11:14:04,802 - __main__ - INFO - Initializing Converter Bot...
2026-01-22 11:14:04,802 - src.utils.history - INFO - Loaded history for 1 users
2026-01-22 11:14:05,113 - __main__ - INFO - Bot initialization complete
2026-01-22 11:14:05,114 - src.utils.file_manager - INFO - File manager started
2026-01-22 11:14:05,114 - __main__ - INFO - Starting bot polling...
2026-01-22 11:14:05,345 - httpx - INFO - HTTP Request: POST https://api.telegram.org/bot8575519773:AAFIKFqUAlOI2vZw1_ei7xOAA7_gQWKfiJc/getMe "HTTP/1.1 200 OK"
2026-01-22 11:14:05,346 - telegram.ext.Application - INFO - Application started
2026-01-22 11:14:05,408 - httpx - INFO - HTTP Request: POST https://api.telegram.org/bot8575519773:AAFIKFqUAlOI2vZw1_ei7xOAA7_gQWKfiJc/deleteWebhook "HTTP/1.1 200 OK"
2026-01-22 11:14:05,409 - __main__ - INFO - Bot is running! Press Ctrl+C to stop.
2026-01-22 11:14:15,665 - httpx - INFO - HTTP Request: POST https://api.telegram.org/bot8575519773:AAFIKFqUAlOI2vZw1_ei7xOAA7_gQWKfiJc/getUpdates "HTTP/1.1 200 OK"
2026-01-22 11:14:26,033 - httpx - INFO - HTTP Request: POST https://api.telegram.org/bot8575519773:AAFIKFqUAlOI2vZw1_ei7xOAA7_gQWKfiJc/getUpdates "HTTP/1.1 200 OK"
2026-01-22 11:14:36,092 - httpx - INFO - HTTP Request: POST https://api.telegram.org/bot8575519773:AAFIKFqUAlOI2vZw1_ei7xOAA7_gQWKfiJc/getUpdates "HTTP/1.1 200 OK"
2026-01-22 11:14:46,153 - httpx - INFO - HTTP Request: POST https://api.telegram.org/bot8575519773:AAFIKFqUAlOI2vZw1_ei7xOAA7_gQWKfiJc/getUpdates "HTTP/1.1 200 OK"
2026-01-22 11:14:56,209 - httpx - INFO - HTTP Request: POST https://api.telegram.org/bot8575519773:AAFIKFqUAlOI2vZw1_ei7xOAA7_gQWKfiJc/getUpdates "HTTP/1.1 200 OK"
2026-01-22 11:15:06,273 - httpx - INFO - HTTP Request: POST https://api.telegram.org/bot8575519773:AAFIKFqUAlOI2vZw1_ei7xOAA7_gQWKfiJc/getUpdates "HTTP/1.1 200 OK"
2026-01-22 11:15:16,327 - httpx - INFO - HTTP Request: POST https://api.telegram.org/bot8575519773:AAFIKFqUAlOI2vZw1_ei7xOAA7_gQWKfiJc/getUpdates "HTTP/1.1 200 OK"
2026-01-22 11:15:26,383 - httpx - INFO - HTTP Request: POST https://api.telegram.org/bot8575519773:AAFIKFqUAlOI2vZw1_ei7xOAA7_gQWKfiJc/getUpdates "HTTP/1.1 200 OK"
2026-01-22 11:15:36,440 - httpx - INFO - HTTP Request: POST https://api.telegram.org/bot8575519773:AAFIKFqUAlOI2vZw1_ei7xOAA7_gQWKfiJc/getUpdates "HTTP/1.1 200 OK"
2026-01-22 11:15:46,496 - httpx - INFO - HTTP Request: POST https://api.telegram.org/bot8575519773:AAFIKFqUAlOI2vZw1_ei7xOAA7_gQWKfiJc/getUpdates "HTTP/1.1 200 OK"
2026-01-22 11:15:56,551 - httpx - INFO - HTTP Request: POST https://api.telegram.org/bot8575519773:AAFIKFqUAlOI2vZw1_ei7xOAA7_gQWKfiJc/getUpdates "HTTP/1.1 200 OK"
2026-01-22 11:16:06,608 - httpx - INFO - HTTP Request: POST https://api.telegram.org/bot8575519773:AAFIKFqUAlOI2vZw1_ei7xOAA7_gQWKfiJc/getUpdates "HTTP/1.1 200 OK"
2026-01-22 11:16:16,673 - httpx - INFO - HTTP Request: POST https://api.telegram.org/bot8575519773:AAFIKFqUAlOI2vZw1_ei7xOAA7_gQWKfiJc/getUpdates "HTTP/1.1 200 OK"
2026-01-22 11:16:26,741 - httpx - INFO - HTTP Request: POST https://api.telegram.org/bot8575519773:AAFIKFqUAlOI2vZw1_ei7xOAA7_gQWKfiJc/getUpdates "HTTP/1.1 200 OK"
2026-01-22 11:16:36,803 - httpx - INFO - HTTP Request: POST https://api.telegram.org/bot8575519773:AAFIKFqUAlOI2vZw1_ei7xOAA7_gQWKfiJc/getUpdates "HTTP/1.1 200 OK"
2026-01-22 11:16:46,865 - httpx - INFO - HTTP Request: POST https://api.telegram.org/bot8575519773:AAFIKFqUAlOI2vZw1_ei7xOAA7_gQWKfiJc/getUpdates "HTTP/1.1 200 OK"
2026-01-22 11:16:56,923 - httpx - INFO - HTTP Request: POST https://api.telegram.org/bot8575519773:AAFIKFqUAlOI2vZw1_ei7xOAA7_gQWKfiJc/getUpdates "HTTP/1.1 200 OK"
2026-01-22 11:17:06,978 - httpx - INFO - HTTP Request: POST https://api.telegram.org/bot8575519773:AAFIKFqUAlOI2vZw1_ei7xOAA7_gQWKfiJc/getUpdates "HTTP/1.1 200 OK"
2026-01-22 11:17:17,036 - httpx - INFO - HTTP Request: POST https://api.telegram.org/bot8575519773:AAFIKFqUAlOI2vZw1_ei7xOAA7_gQWKfiJc/getUpdates "HTTP/1.1 200 OK"
2026-01-22 11:17:27,094 - httpx - INFO - HTTP Request: POST https://api.telegram.org/bot8575519773:AAFIKFqUAlOI2vZw1_ei7xOAA7_gQWKfiJc/getUpdates "HTTP/1.1 200 OK"
2026-01-22 11:17:37,155 - httpx - INFO - HTTP Request: POST https://api.telegram.org/bot8575519773:AAFIKFqUAlOI2vZw1_ei7xOAA7_gQWKfiJc/getUpdates "HTTP/1.1 200 OK"
2026-01-22 11:17:47,267 - httpx - INFO - HTTP Request: POST https://api.telegram.org/bot8575519773:AAFIKFqUAlOI2vZw1_ei7xOAA7_gQWKfiJc/getUpdates "HTTP/1.1 200 OK"
2026-01-22 11:17:50,072 - __main__ - INFO - Initializing Converter Bot...
2026-01-22 11:17:50,072 - src.utils.history - INFO - Loaded history for 1 users
2026-01-22 11:17:50,369 - __main__ - INFO - Bot initialization complete
2026-01-22 11:17:50,369 - src.utils.file_manager - INFO - File manager started
2026-01-22 11:17:50,369 - __main__ - INFO - Starting bot polling...
2026-01-22 11:17:50,795 - httpx - INFO - HTTP Request: POST https://api.telegram.org/bot8575519773:AAFIKFqUAlOI2vZw1_ei7xOAA7_gQWKfiJc/getMe "HTTP/1.1 200 OK"
2026-01-22 11:17:50,795 - telegram.ext.Application - INFO - Application started
2026-01-22 11:17:50,870 - httpx - INFO - HTTP Request: POST https://api.telegram.org/bot8575519773:AAFIKFqUAlOI2vZw1_ei7xOAA7_gQWKfiJc/deleteWebhook "HTTP/1.1 200 OK"
2026-01-22 11:17:50,871 - __main__ - INFO - Bot is running! Press Ctrl+C to stop.
2026-01-22 11:17:51,113 - httpx - INFO - HTTP Request: POST https://api.telegram.org/bot8575519773:AAFIKFqUAlOI2vZw1_ei7xOAA7_gQWKfiJc/getUpdates "HTTP/1.1 409 Conflict"
2026-01-22 11:17:51,114 - telegram.ext.Updater - ERROR - Exception happened while polling for updates.
Traceback (most recent call last):
  File "C:\Users\froggy\AppData\Local\Programs\Python\Python313\Lib\site-packages\telegram\ext\_utils\networkloop.py", line 134, in network_retry_loop
    await do_action()
  File "C:\Users\froggy\AppData\Local\Programs\Python\Python313\Lib\site-packages\telegram\ext\_utils\networkloop.py", line 127, in do_action
    action_cb_task.result()
    ~~~~~~~~~~~~~~~~~~~~~^^
  File "C:\Users\froggy\AppData\Local\Programs\Python\Python313\Lib\site-packages\telegram\ext\_updater.py", line 340, in polling_action_cb
    updates = await self.bot.get_updates(
              ^^^^^^^^^^^^^^^^^^^^^^^^^^^
    ...<3 lines>...
    )
    ^
  File "C:\Users\froggy\AppData\Local\Programs\Python\Python313\Lib\site-packages\telegram\ext\_extbot.py", line 676, in get_updates
    updates = await super().get_updates(
              ^^^^^^^^^^^^^^^^^^^^^^^^^^
    ...<9 lines>...
    )
    ^
  File "C:\Users\froggy\AppData\Local\Programs\Python\Python313\Lib\site-packages\telegram\_bot.py", line 4780, in get_updates
    await self._post(
    ^^^^^^^^^^^^^^^^^
    ...<7 lines>...
    ),
    ^
  File "C:\Users\froggy\AppData\Local\Programs\Python\Python313\Lib\site-packages\telegram\_bot.py", line 703, in _post
    return await self._do_post(
           ^^^^^^^^^^^^^^^^^^^^
    ...<6 lines>...
    )
    ^
  File "C:\Users\froggy\AppData\Local\Programs\Python\Python313\Lib\site-packages\telegram\ext\_extbot.py", line 372, in _do_post
    return await super()._do_post(
           ^^^^^^^^^^^^^^^^^^^^^^^
    ...<6 lines>...
    )
    ^
  File "C:\Users\froggy\AppData\Local\Programs\Python\Python313\Lib\site-packages\telegram\_bot.py", line 732, in _do_post
    result = await request.post(
             ^^^^^^^^^^^^^^^^^^^
    ...<6 lines>...
    )
    ^
  File "C:\Users\froggy\AppData\Local\Programs\Python\Python313\Lib\site-packages\telegram\request\_baserequest.py", line 198, in post
    result = await self._request_wrapper(
             ^^^^^^^^^^^^^^^^^^^^^^^^^^^^
    ...<7 lines>...
    )
    ^
  File "C:\Users\froggy\AppData\Local\Programs\Python\Python313\Lib\site-packages\telegram\request\_baserequest.py", line 375, in _request_wrapper
    raise exception
telegram.error.Conflict: Conflict: terminated by other getUpdates request; make sure that only one bot instance is running
2026-01-22 11:17:55,186 - httpx - INFO - HTTP Request: POST https://api.telegram.org/bot8575519773:AAFIKFqUAlOI2vZw1_ei7xOAA7_gQWKfiJc/getUpdates "HTTP/1.1 409 Conflict"
2026-01-22 11:17:55,187 - telegram.ext.Updater - ERROR - Exception happened while polling for updates.
Traceback (most recent call last):
  File "C:\Users\froggy\AppData\Local\Programs\Python\Python313\Lib\site-packages\telegram\ext\_utils\networkloop.py", line 134, in network_retry_loop
    await do_action()
  File "C:\Users\froggy\AppData\Local\Programs\Python\Python313\Lib\site-packages\telegram\ext\_utils\networkloop.py", line 127, in do_action
    action_cb_task.result()
    ~~~~~~~~~~~~~~~~~~~~~^^
  File "C:\Users\froggy\AppData\Local\Programs\Python\Python313\Lib\site-packages\telegram\ext\_updater.py", line 340, in polling_action_cb
    updates = await self.bot.get_updates(
              ^^^^^^^^^^^^^^^^^^^^^^^^^^^
    ...<3 lines>...
    )
    ^
  File "C:\Users\froggy\AppData\Local\Programs\Python\Python313\Lib\site-packages\telegram\ext\_extbot.py", line 676, in get_updates
    updates = await super().get_updates(
              ^^^^^^^^^^^^^^^^^^^^^^^^^^
    ...<9 lines>...
    )
    ^
  File "C:\Users\froggy\AppData\Local\Programs\Python\Python313\Lib\site-packages\telegram\_bot.py", line 4780, in get_updates
    await self._post(
    ^^^^^^^^^^^^^^^^^
    ...<7 lines>...
    ),
    ^
  File "C:\Users\froggy\AppData\Local\Programs\Python\Python313\Lib\site-packages\telegram\_bot.py", line 703, in _post
    return await self._do_post(
           ^^^^^^^^^^^^^^^^^^^^
    ...<6 lines>...
    )
    ^
  File "C:\Users\froggy\AppData\Local\Programs\Python\Python313\Lib\site-packages\telegram\ext\_extbot.py", line 372, in _do_post
    return await super()._do_post(
           ^^^^^^^^^^^^^^^^^^^^^^^
    ...<6 lines>...
    )
    ^
  File "C:\Users\froggy\AppData\Local\Programs\Python\Python313\Lib\site-packages\telegram\_bot.py", line 732, in _do_post
    result = await request.post(
             ^^^^^^^^^^^^^^^^^^^
    ...<6 lines>...
    )
    ^
  File "C:\Users\froggy\AppData\Local\Programs\Python\Python313\Lib\site-packages\telegram\request\_baserequest.py", line 198, in post
    result = await self._request_wrapper(
             ^^^^^^^^^^^^^^^^^^^^^^^^^^^^
    ...<7 lines>...
    )
    ^
  File "C:\Users\froggy\AppData\Local\Programs\Python\Python313\Lib\site-packages\telegram\request\_baserequest.py", line 375, in _request_wrapper
    raise exception
telegram.error.Conflict: Conflict: terminated by other getUpdates request; make sure that only one bot instance is running
2026-01-22 11:17:56,272 - httpx - INFO - HTTP Request: POST https://api.telegram.org/bot8575519773:AAFIKFqUAlOI2vZw1_ei7xOAA7_gQWKfiJc/getUpdates "HTTP/1.1 409 Conflict"
2026-01-22 11:17:56,272 - telegram.ext.Updater - ERROR - Exception happened while polling for updates.
Traceback (most recent call last):
  File "C:\Users\froggy\AppData\Local\Programs\Python\Python313\Lib\site-packages\telegram\ext\_utils\networkloop.py", line 134, in network_retry_loop
    await do_action()
  File "C:\Users\froggy\AppData\Local\Programs\Python\Python313\Lib\site-packages\telegram\ext\_utils\networkloop.py", line 127, in do_action
    action_cb_task.result()
    ~~~~~~~~~~~~~~~~~~~~~^^
  File "C:\Users\froggy\AppData\Local\Programs\Python\Python313\Lib\site-packages\telegram\ext\_updater.py", line 340, in polling_action_cb
    updates = await self.bot.get_updates(
              ^^^^^^^^^^^^^^^^^^^^^^^^^^^
    ...<3 lines>...
    )
    ^
  File "C:\Users\froggy\AppData\Local\Programs\Python\Python313\Lib\site-packages\telegram\ext\_extbot.py", line 676, in get_updates
    updates = await super().get_updates(
              ^^^^^^^^^^^^^^^^^^^^^^^^^^
    ...<9 lines>...
    )
    ^
  File "C:\Users\froggy\AppData\Local\Programs\Python\Python313\Lib\site-packages\telegram\_bot.py", line 4780, in get_updates
    await self._post(
    ^^^^^^^^^^^^^^^^^
    ...<7 lines>...
    ),
    ^
  File "C:\Users\froggy\AppData\Local\Programs\Python\Python313\Lib\site-packages\telegram\_bot.py", line 703, in _post
    return await self._do_post(
           ^^^^^^^^^^^^^^^^^^^^
    ...<6 lines>...
    )
    ^
  File "C:\Users\froggy\AppData\Local\Programs\Python\Python313\Lib\site-packages\telegram\ext\_extbot.py", line 372, in _do_post
    return await super()._do_post(
           ^^^^^^^^^^^^^^^^^^^^^^^
    ...<6 lines>...
    )
    ^
  File "C:\Users\froggy\AppData\Local\Programs\Python\Python313\Lib\site-packages\telegram\_bot.py", line 732, in _do_post
    result = await request.post(
             ^^^^^^^^^^^^^^^^^^^
    ...<6 lines>...
    )
    ^
  File "C:\Users\froggy\AppData\Local\Programs\Python\Python313\Lib\site-packages\telegram\request\_baserequest.py", line 198, in post
    result = await self._request_wrapper(
             ^^^^^^^^^^^^^^^^^^^^^^^^^^^^
    ...<7 lines>...
    )
    ^
  File "C:\Users\froggy\AppData\Local\Programs\Python\Python313\Lib\site-packages\telegram\request\_baserequest.py", line 375, in _request_wrapper
    raise exception
telegram.error.Conflict: Conflict: terminated by other getUpdates request; make sure that only one bot instance is running
2026-01-22 11:18:00,838 - httpx - INFO - HTTP Request: POST https://api.telegram.org/bot8575519773:AAFIKFqUAlOI2vZw1_ei7xOAA7_gQWKfiJc/getUpdates "HTTP/1.1 409 Conflict"
2026-01-22 11:18:00,838 - telegram.ext.Updater - ERROR - Exception happened while polling for updates.
Traceback (most recent call last):
  File "C:\Users\froggy\AppData\Local\Programs\Python\Python313\Lib\site-packages\telegram\ext\_utils\networkloop.py", line 134, in network_retry_loop
    await do_action()
  File "C:\Users\froggy\AppData\Local\Programs\Python\Python313\Lib\site-packages\telegram\ext\_utils\networkloop.py", line 127, in do_action
    action_cb_task.result()
    ~~~~~~~~~~~~~~~~~~~~~^^
  File "C:\Users\froggy\AppData\Local\Programs\Python\Python313\Lib\site-packages\telegram\ext\_updater.py", line 340, in polling_action_cb
    updates = await self.bot.get_updates(
              ^^^^^^^^^^^^^^^^^^^^^^^^^^^
    ...<3 lines>...
    )
    ^
  File "C:\Users\froggy\AppData\Local\Programs\Python\Python313\Lib\site-packages\telegram\ext\_extbot.py", line 676, in get_updates
    updates = await super().get_updates(
              ^^^^^^^^^^^^^^^^^^^^^^^^^^
    ...<9 lines>...
    )
    ^
  File "C:\Users\froggy\AppData\Local\Programs\Python\Python313\Lib\site-packages\telegram\_bot.py", line 4780, in get_updates
    await self._post(
    ^^^^^^^^^^^^^^^^^
    ...<7 lines>...
    ),
    ^
  File "C:\Users\froggy\AppData\Local\Programs\Python\Python313\Lib\site-packages\telegram\_bot.py", line 703, in _post
    return await self._do_post(
           ^^^^^^^^^^^^^^^^^^^^
    ...<6 lines>...
    )
    ^
  File "C:\Users\froggy\AppData\Local\Programs\Python\Python313\Lib\site-packages\telegram\ext\_extbot.py", line 372, in _do_post
    return await super()._do_post(
           ^^^^^^^^^^^^^^^^^^^^^^^
    ...<6 lines>...
    )
    ^
  File "C:\Users\froggy\AppData\Local\Programs\Python\Python313\Lib\site-packages\telegram\_bot.py", line 732, in _do_post
    result = await request.post(
             ^^^^^^^^^^^^^^^^^^^
    ...<6 lines>...
    )
    ^
  File "C:\Users\froggy\AppData\Local\Programs\Python\Python313\Lib\site-packages\telegram\request\_baserequest.py", line 198, in post
    result = await self._request_wrapper(
             ^^^^^^^^^^^^^^^^^^^^^^^^^^^^
    ...<7 lines>...
    )
    ^
  File "C:\Users\froggy\AppData\Local\Programs\Python\Python313\Lib\site-packages\telegram\request\_baserequest.py", line 375, in _request_wrapper
    raise exception
telegram.error.Conflict: Conflict: terminated by other getUpdates request; make sure that only one bot instance is running
2026-01-22 11:18:00,972 - __main__ - INFO - Shutting down bot...
2026-01-22 11:18:00,973 - src.utils.file_manager - INFO - File manager stopped
2026-01-22 11:18:02,416 - httpx - INFO - HTTP Request: POST https://api.telegram.org/bot8575519773:AAFIKFqUAlOI2vZw1_ei7xOAA7_gQWKfiJc/getUpdates "HTTP/1.1 200 OK"
2026-01-22 11:18:02,416 - telegram.ext.Application - INFO - Application is stopping. This might take a moment.
2026-01-22 11:18:02,416 - telegram.ext.Application - INFO - Application.stop() complete
2026-01-22 11:18:02,417 - __main__ - INFO - Bot shutdown complete
2026-01-22 11:18:07,834 - httpx - INFO - HTTP Request: POST https://api.telegram.org/bot8575519773:AAFIKFqUAlOI2vZw1_ei7xOAA7_gQWKfiJc/getUpdates "HTTP/1.1 200 OK"
2026-01-22 11:18:10,708 - __main__ - INFO - Initializing Converter Bot...
2026-01-22 11:18:10,708 - src.utils.history - INFO - Loaded history for 1 users
2026-01-22 11:18:11,013 - __main__ - INFO - Bot initialization complete
2026-01-22 11:18:11,013 - src.utils.file_manager - INFO - File manager started
2026-01-22 11:18:11,013 - __main__ - INFO - Starting bot polling...
2026-01-22 11:18:11,437 - httpx - INFO - HTTP Request: POST https://api.telegram.org/bot8575519773:AAFIKFqUAlOI2vZw1_ei7xOAA7_gQWKfiJc/getMe "HTTP/1.1 200 OK"
2026-01-22 11:18:11,437 - telegram.ext.Application - INFO - Application started
2026-01-22 11:18:11,522 - httpx - INFO - HTTP Request: POST https://api.telegram.org/bot8575519773:AAFIKFqUAlOI2vZw1_ei7xOAA7_gQWKfiJc/deleteWebhook "HTTP/1.1 200 OK"
2026-01-22 11:18:11,523 - __main__ - INFO - Bot is running! Press Ctrl+C to stop.
2026-01-22 11:18:21,720 - httpx - INFO - HTTP Request: POST https://api.telegram.org/bot8575519773:AAFIKFqUAlOI2vZw1_ei7xOAA7_gQWKfiJc/getUpdates "HTTP/1.1 200 OK"
2026-01-22 11:18:31,790 - httpx - INFO - HTTP Request: POST https://api.telegram.org/bot8575519773:AAFIKFqUAlOI2vZw1_ei7xOAA7_gQWKfiJc/getUpdates "HTTP/1.1 200 OK"
2026-01-22 11:18:41,849 - httpx - INFO - HTTP Request: POST https://api.telegram.org/bot8575519773:AAFIKFqUAlOI2vZw1_ei7xOAA7_gQWKfiJc/getUpdates "HTTP/1.1 200 OK"
2026-01-22 11:18:51,909 - httpx - INFO - HTTP Request: POST https://api.telegram.org/bot8575519773:AAFIKFqUAlOI2vZw1_ei7xOAA7_gQWKfiJc/getUpdates "HTTP/1.1 200 OK"
2026-01-22 11:18:59,218 - httpx - INFO - HTTP Request: POST https://api.telegram.org/bot8575519773:AAFIKFqUAlOI2vZw1_ei7xOAA7_gQWKfiJc/getUpdates "HTTP/1.1 200 OK"
2026-01-22 11:18:59,574 - httpx - INFO - HTTP Request: POST https://api.telegram.org/bot8575519773:AAFIKFqUAlOI2vZw1_ei7xOAA7_gQWKfiJc/sendMessage "HTTP/1.1 200 OK"
2026-01-22 11:18:59,791 - httpx - INFO - HTTP Request: POST https://api.telegram.org/bot8575519773:AAFIKFqUAlOI2vZw1_ei7xOAA7_gQWKfiJc/sendMessage "HTTP/1.1 200 OK"
2026-01-22 11:18:59,792 - src.handlers.command_handlers - INFO - User 8019993731 started the bot
2026-01-22 11:19:08,509 - httpx - INFO - HTTP Request: POST https://api.telegram.org/bot8575519773:AAFIKFqUAlOI2vZw1_ei7xOAA7_gQWKfiJc/getUpdates "HTTP/1.1 200 OK"
2026-01-22 11:19:08,738 - httpx - INFO - HTTP Request: POST https://api.telegram.org/bot8575519773:AAFIKFqUAlOI2vZw1_ei7xOAA7_gQWKfiJc/getFile "HTTP/1.1 200 OK"
2026-01-22 11:19:08,828 - httpx - INFO - HTTP Request: GET https://api.telegram.org/file/bot8575519773%3AAAFIKFqUAlOI2vZw1_ei7xOAA7_gQWKfiJc/videos/file_2.mp4 "HTTP/1.1 200 OK"
2026-01-22 11:19:09,626 - httpx - INFO - HTTP Request: POST https://api.telegram.org/bot8575519773:AAFIKFqUAlOI2vZw1_ei7xOAA7_gQWKfiJc/sendMessage "HTTP/1.1 200 OK"
2026-01-22 11:19:11,056 - httpx - INFO - HTTP Request: POST https://api.telegram.org/bot8575519773:AAFIKFqUAlOI2vZw1_ei7xOAA7_gQWKfiJc/getUpdates "HTTP/1.1 200 OK"
2026-01-22 11:19:11,136 - httpx - INFO - HTTP Request: POST https://api.telegram.org/bot8575519773:AAFIKFqUAlOI2vZw1_ei7xOAA7_gQWKfiJc/answerCallbackQuery "HTTP/1.1 200 OK"
2026-01-22 11:19:11,231 - httpx - INFO - HTTP Request: POST https://api.telegram.org/bot8575519773:AAFIKFqUAlOI2vZw1_ei7xOAA7_gQWKfiJc/editMessageText "HTTP/1.1 200 OK"
2026-01-22 11:19:11,336 - httpx - INFO - HTTP Request: POST https://api.telegram.org/bot8575519773:AAFIKFqUAlOI2vZw1_ei7xOAA7_gQWKfiJc/sendMessage "HTTP/1.1 200 OK"
2026-01-22 11:19:12,772 - httpx - INFO - HTTP Request: POST https://api.telegram.org/bot8575519773:AAFIKFqUAlOI2vZw1_ei7xOAA7_gQWKfiJc/sendDocument "HTTP/1.1 200 OK"
2026-01-22 11:19:16,349 - httpx - INFO - HTTP Request: POST https://api.telegram.org/bot8575519773:AAFIKFqUAlOI2vZw1_ei7xOAA7_gQWKfiJc/getUpdates "HTTP/1.1 200 OK"
2026-01-22 11:19:16,436 - httpx - INFO - HTTP Request: POST https://api.telegram.org/bot8575519773:AAFIKFqUAlOI2vZw1_ei7xOAA7_gQWKfiJc/sendMessage "HTTP/1.1 200 OK"
2026-01-22 11:19:26,414 - httpx - INFO - HTTP Request: POST https://api.telegram.org/bot8575519773:AAFIKFqUAlOI2vZw1_ei7xOAA7_gQWKfiJc/getUpdates "HTTP/1.1 200 OK"
2026-01-22 11:19:36,483 - httpx - INFO - HTTP Request: POST https://api.telegram.org/bot8575519773:AAFIKFqUAlOI2vZw1_ei7xOAA7_gQWKfiJc/getUpdates "HTTP/1.1 200 OK"
2026-01-22 11:19:46,544 - httpx - INFO - HTTP Request: POST https://api.telegram.org/bot8575519773:AAFIKFqUAlOI2vZw1_ei7xOAA7_gQWKfiJc/getUpdates "HTTP/1.1 200 OK"
2026-01-22 11:19:56,627 - httpx - INFO - HTTP Request: POST https://api.telegram.org/bot8575519773:AAFIKFqUAlOI2vZw1_ei7xOAA7_gQWKfiJc/getUpdates "HTTP/1.1 200 OK"
2026-01-22 11:20:06,690 - httpx - INFO - HTTP Request: POST https://api.telegram.org/bot8575519773:AAFIKFqUAlOI2vZw1_ei7xOAA7_gQWKfiJc/getUpdates "HTTP/1.1 200 OK"
2026-01-22 11:20:16,752 - httpx - INFO - HTTP Request: POST https://api.telegram.org/bot8575519773:AAFIKFqUAlOI2vZw1_ei7xOAA7_gQWKfiJc/getUpdates "HTTP/1.1 200 OK"
2026-01-22 11:20:26,823 - httpx - INFO - HTTP Request: POST https://api.telegram.org/bot8575519773:AAFIKFqUAlOI2vZw1_ei7xOAA7_gQWKfiJc/getUpdates "HTTP/1.1 200 OK"
2026-01-22 11:20:36,890 - httpx - INFO - HTTP Request: POST https://api.telegram.org/bot8575519773:AAFIKFqUAlOI2vZw1_ei7xOAA7_gQWKfiJc/getUpdates "HTTP/1.1 200 OK"
2026-01-22 11:20:46,949 - httpx - INFO - HTTP Request: POST https://api.telegram.org/bot8575519773:AAFIKFqUAlOI2vZw1_ei7xOAA7_gQWKfiJc/getUpdates "HTTP/1.1 200 OK"
2026-01-22 11:20:57,010 - httpx - INFO - HTTP Request: POST https://api.telegram.org/bot8575519773:AAFIKFqUAlOI2vZw1_ei7xOAA7_gQWKfiJc/getUpdates "HTTP/1.1 200 OK"
2026-01-22 11:21:07,076 - httpx - INFO - HTTP Request: POST https://api.telegram.org/bot8575519773:AAFIKFqUAlOI2vZw1_ei7xOAA7_gQWKfiJc/getUpdates "HTTP/1.1 200 OK"
2026-01-22 11:21:17,138 - httpx - INFO - HTTP Request: POST https://api.telegram.org/bot8575519773:AAFIKFqUAlOI2vZw1_ei7xOAA7_gQWKfiJc/getUpdates "HTTP/1.1 200 OK"
2026-01-22 11:21:27,201 - httpx - INFO - HTTP Request: POST https://api.telegram.org/bot8575519773:AAFIKFqUAlOI2vZw1_ei7xOAA7_gQWKfiJc/getUpdates "HTTP/1.1 200 OK"
2026-01-22 11:21:37,263 - httpx - INFO - HTTP Request: POST https://api.telegram.org/bot8575519773:AAFIKFqUAlOI2vZw1_ei7xOAA7_gQWKfiJc/getUpdates "HTTP/1.1 200 OK"
